Archive member included to satisfy reference by file (symbol)

/usr/lib/gcc/arm-none-eabi/13.2.1/thumb/v6-m/nofp/libgcc.a(_dvmd_tls.o)
                              CMakeFiles/pawn_rp2040.dir/home/jules/pico-sdk/src/rp2_common/pico_divider/divider_hardware.S.o (__aeabi_idiv0)
/usr/lib/gcc/arm-none-eabi/13.2.1/../../../arm-none-eabi/lib/thumb/v6-m/nofp/libg.a(libc_a-fread.o)
                              CMakeFiles/pawn_rp2040.dir/main.c.o (fread)
/usr/lib/gcc/arm-none-eabi/13.2.1/../../../arm-none-eabi/lib/thumb/v6-m/nofp/libg.a(libc_a-strcmp.o)
                              CMakeFiles/pawn_rp2040.dir/pawn/amx.c.o (strcmp)
/usr/lib/gcc/arm-none-eabi/13.2.1/../../../arm-none-eabi/lib/thumb/v6-m/nofp/libg.a(libc_a-rewind.o)
                              CMakeFiles/pawn_rp2040.dir/pawn/amxaux.c.o (rewind)
/usr/lib/gcc/arm-none-eabi/13.2.1/../../../arm-none-eabi/lib/thumb/v6-m/nofp/libg.a(libc_a-fflush.o)
                              CMakeFiles/pawn_rp2040.dir/pawn/amxcons.c.o (fflush)
/usr/lib/gcc/arm-none-eabi/13.2.1/../../../arm-none-eabi/lib/thumb/v6-m/nofp/libg.a(libc_a-calloc.o)
                              CMakeFiles/pawn_rp2040.dir/home/jules/pico-sdk/src/rp2_common/pico_malloc/malloc.c.o (calloc)
/usr/lib/gcc/arm-none-eabi/13.2.1/../../../arm-none-eabi/lib/thumb/v6-m/nofp/libg.a(libc_a-impure.o)
                              CMakeFiles/pawn_rp2040.dir/main.c.o (_impure_ptr)
/usr/lib/gcc/arm-none-eabi/13.2.1/../../../arm-none-eabi/lib/thumb/v6-m/nofp/libg.a(libc_a-callocr.o)
                              /usr/lib/gcc/arm-none-eabi/13.2.1/../../../arm-none-eabi/lib/thumb/v6-m/nofp/libg.a(libc_a-calloc.o) (_calloc_r)
/usr/lib/gcc/arm-none-eabi/13.2.1/../../../arm-none-eabi/lib/thumb/v6-m/nofp/libg.a(libc_a-realloc.o)
                              CMakeFiles/pawn_rp2040.dir/home/jules/pico-sdk/src/rp2_common/pico_malloc/malloc.c.o (realloc)
/usr/lib/gcc/arm-none-eabi/13.2.1/../../../arm-none-eabi/lib/thumb/v6-m/nofp/libg.a(libc_a-mallocr.o)
                              /usr/lib/gcc/arm-none-eabi/13.2.1/../../../arm-none-eabi/lib/thumb/v6-m/nofp/libg.a(libc_a-callocr.o) (_malloc_r)
/usr/lib/gcc/arm-none-eabi/13.2.1/../../../arm-none-eabi/lib/thumb/v6-m/nofp/libg.a(libc_a-freer.o)
                              /usr/lib/gcc/arm-none-eabi/13.2.1/../../../arm-none-eabi/lib/thumb/v6-m/nofp/libg.a(libc_a-fread.o) (_free_r)
/usr/lib/gcc/arm-none-eabi/13.2.1/../../../arm-none-eabi/lib/thumb/v6-m/nofp/libg.a(libc_a-fseek.o)
                              /usr/lib/gcc/arm-none-eabi/13.2.1/../../../arm-none-eabi/lib/thumb/v6-m/nofp/libg.a(libc_a-rewind.o) (_fseek_r)
/usr/lib/gcc/arm-none-eabi/13.2.1/../../../arm-none-eabi/lib/thumb/v6-m/nofp/libg.a(libc_a-memcmp.o)
                              CMakeFiles/pawn_rp2040.dir/pawn/amx.c.o (memcmp)
/usr/lib/gcc/arm-none-eabi/13.2.1/../../../arm-none-eabi/lib/thumb/v6-m/nofp/libg.a(libc_a-fclose.o)
                              CMakeFiles/pawn_rp2040.dir/pawn/amxaux.c.o (fclose)
/usr/lib/gcc/arm-none-eabi/13.2.1/../../../arm-none-eabi/lib/thumb/v6-m/nofp/libg.a(libc_a-fseeko.o)
                              /usr/lib/gcc/arm-none-eabi/13.2.1/../../../arm-none-eabi/lib/thumb/v6-m/nofp/libg.a(libc_a-fseek.o) (_fseeko_r)
/usr/lib/gcc/arm-none-eabi/13.2.1/../../../arm-none-eabi/lib/thumb/v6-m/nofp/libg.a(libc_a-malloc.o)
                              CMakeFiles/pawn_rp2040.dir/home/jules/pico-sdk/src/rp2_common/pico_malloc/malloc.c.o (malloc)
/usr/lib/gcc/arm-none-eabi/13.2.1/../../../arm-none-eabi/lib/thumb/v6-m/nofp/libg.a(libc_a-sysconf.o)
                              /usr/lib/gcc/arm-none-eabi/13.2.1/../../../arm-none-eabi/lib/thumb/v6-m/nofp/libg.a(libc_a-mallocr.o) (sysconf)
/usr/lib/gcc/arm-none-eabi/13.2.1/../../../arm-none-eabi/lib/thumb/v6-m/nofp/libg.a(libc_a-stdio.o)
                              /usr/lib/gcc/arm-none-eabi/13.2.1/../../../arm-none-eabi/lib/thumb/v6-m/nofp/libg.a(libc_a-fseeko.o) (__sseek)
/usr/lib/gcc/arm-none-eabi/13.2.1/../../../arm-none-eabi/lib/thumb/v6-m/nofp/libg.a(libc_a-init.o)
                              /usr/lib/gcc/arm-none-eabi/13.2.1/../../../arm-none-eabi/lib/thumb/v6-m/nofp/crt0.o (__libc_init_array)
/usr/lib/gcc/arm-none-eabi/13.2.1/../../../arm-none-eabi/lib/thumb/v6-m/nofp/libg.a(libc_a-refill.o)
                              /usr/lib/gcc/arm-none-eabi/13.2.1/../../../arm-none-eabi/lib/thumb/v6-m/nofp/libg.a(libc_a-fread.o) (__srefill_r)
/usr/lib/gcc/arm-none-eabi/13.2.1/../../../arm-none-eabi/lib/thumb/v6-m/nofp/libg.a(libc_a-reallocr.o)
                              /usr/lib/gcc/arm-none-eabi/13.2.1/../../../arm-none-eabi/lib/thumb/v6-m/nofp/libg.a(libc_a-realloc.o) (_realloc_r)
/usr/lib/gcc/arm-none-eabi/13.2.1/../../../arm-none-eabi/lib/thumb/v6-m/nofp/libg.a(libc_a-writer.o)
                              /usr/lib/gcc/arm-none-eabi/13.2.1/../../../arm-none-eabi/lib/thumb/v6-m/nofp/libg.a(libc_a-stdio.o) (_write_r)
/usr/lib/gcc/arm-none-eabi/13.2.1/../../../arm-none-eabi/lib/thumb/v6-m/nofp/libg.a(libc_a-mktime.o)
[...]
Memory Configuration

Name             Origin             Length             Attributes
FLASH            0x10000000         0x00200000         xr
RAM              0x20000000         0x00040000         xrw
SCRATCH_X        0x20040000         0x00001000         xrw
SCRATCH_Y        0x20041000         0x00001000         xrw
*default*        0x00000000         0xffffffff

Linker script and memory map

LOAD /usr/lib/gcc/arm-none-eabi/13.2.1/thumb/v6-m/nofp/crti.o
LOAD /usr/lib/gcc/arm-none-eabi/13.2.1/thumb/v6-m/nofp/crtbegin.o
LOAD /usr/lib/gcc/arm-none-eabi/13.2.1/../../../arm-none-eabi/lib/thumb/v6-m/nofp/crt0.o

.flash_begin    0x10000000        0x0
                0x10000000                        __flash_binary_start = .

.boot2          0x10000000      0x100
                0x10000000                        __boot2_start__ = .
 *(.boot2)
 .boot2         0x10000000      0x100 pico-sdk/src/rp2040/boot_stage2/CMakeFiles/bs2_default_library.dir/bs2_default_padded_checksummed.S.o
                0x10000100                        __boot2_end__ = .
                0x00000001                        ASSERT (((__boot2_end__ - __boot2_start__) == 0x100), ERROR: Pico second stage bootloader must be 256 bytes in size)

.text           0x10000100     0xab18
                0x10000100                        __logical_binary_start = .
 *(.vectors)
 .vectors       0x10000100       0xd4 CMakeFiles/pawn_rp2040.dir/home/jules/pico-sdk/src/rp2_common/pico_crt0/crt0.S.o
                0x10000100                __vectors
                0x10000100                __VECTOR_TABLE
                0x100001c0                isr_irq30
                0x100001c0                __unhandled_user_irq
                0x100001c0                isr_irq13
                0x100001c0                isr_irq27
                0x100001c0                isr_irq31
                0x100001c0                isr_irq5
                0x100001c0                isr_irq11
                0x100001c0                isr_irq23
                0x100001c0                isr_irq18
                0x100001c0                isr_irq28
                0x100001c0                isr_irq19
                0x100001c0                isr_irq0
                0x100001c0                isr_irq6
                0x100001c0                isr_irq22
                0x100001c0                isr_irq17
                0x100001c0                isr_irq14
                0x100001c0                __vectors_end
                0x100001c0                __default_isrs_start
                0x100001c0                isr_irq2
                0x100001c0                isr_irq10
                0x100001c0                isr_irq8
                0x100001c0                isr_irq24
                0x100001c0                isr_irq1
                0x100001c0                isr_irq7
                0x100001c0                isr_irq21
                0x100001c0                isr_irq20
                0x100001c0                isr_irq15
                0x100001c0                isr_irq25
                0x100001c0                isr_irq4
                0x100001c0                isr_irq16
                0x100001c0                isr_irq29
                0x100001c0                isr_irq26
                0x100001c0                isr_irq3
                0x100001c0                isr_irq12
                0x100001c0                isr_irq9
                0x100001c6                unhandled_user_irq_num_in_r0
                0x100001c8                isr_invalid
                0x100001ca                isr_nmi
                0x100001cc                isr_hardfault
                0x100001ce                isr_svcall
                0x100001d0                isr_pendsv
                0x100001d2                isr_systick
                0x100001d4                __default_isrs_end
 *(.binary_info_header)
 .binary_info_header
                0x100001d4       0x14 CMakeFiles/pawn_rp2040.dir/home/jules/pico-sdk/src/rp2_common/pico_crt0/crt0.S.o
                0x100001e8                        __binary_info_header_end = .
 *(.embedded_block)
                0x100001e8                        __embedded_block_end = .
 *(.reset)
 .reset         0x100001e8       0x9c CMakeFiles/pawn_rp2040.dir/home/jules/pico-sdk/src/rp2_common/pico_crt0/crt0.S.o
                0x100001e8                _entry_point
 *(.init)
 .init          0x10000284        0x4 /usr/lib/gcc/arm-none-eabi/13.2.1/thumb/v6-m/nofp/crti.o
                0x10000284                _init
 *(EXCLUDE_FILE(*libm.a: *libc.a:*lib_a-mem*.o *libgcc.a:) .text*)
 .text          0x10000288       0x98 /usr/lib/gcc/arm-none-eabi/13.2.1/thumb/v6-m/nofp/crtbegin.o
 .text.n_setled
                0x10000320       0x2c CMakeFiles/pawn_rp2040.dir/main.c.o
 .text.n_delay  0x1000034c        0xc CMakeFiles/pawn_rp2040.dir/main.c.o
 .text.run_script
                0x10000358       0xe4 CMakeFiles/pawn_rp2040.dir/main.c.o
                0x10000358                run_script
 .text.upload_script
                0x1000043c       0xbc CMakeFiles/pawn_rp2040.dir/main.c.o
                0x1000043c                upload_script
 .text.startup.main
                0x100004f8       0x6c CMakeFiles/pawn_rp2040.dir/main.c.o
                0x100004f8                main
 .text.amx_Callback
                0x10000564      0x100 CMakeFiles/pawn_rp2040.dir/pawn/amx.c.o
                0x10000564                amx_Callback
 .text.VerifyPcode
                0x10000664      0x4c0 CMakeFiles/pawn_rp2040.dir/pawn/amx.c.o
 .text.amx_Init
                0x10000b24      0x370 CMakeFiles/pawn_rp2040.dir/pawn/amx.c.o
                0x10000b24                amx_Init
 .text.amx_Cleanup
                0x10000e94        0x4 CMakeFiles/pawn_rp2040.dir/pawn/amx.c.o
                0x10000e94                amx_Cleanup
 .text.amx_Register
                0x10000e98      0x248 CMakeFiles/pawn_rp2040.dir/pawn/amx.c.o
                0x10000e98                amx_Register
 .text.amx_Exec
                0x100010e0     0x224c CMakeFiles/pawn_rp2040.dir/pawn/amx.c.o
                0x100010e0                amx_Exec
 .text.gpio_init
                0x1000332c       0x40 CMakeFiles/pawn_rp2040.dir/home/jules/pico-sdk/src/rp2_common/hardware_gpio/gpio.c.o
                0x1000332c                gpio_init
 .text.rp2040_chip_version
                0x1000336c        0xc CMakeFiles/pawn_rp2040.dir/home/jules/pico-sdk/src/rp2040/pico_platform/platform.c.o
                0x1000336c                rp2040_chip_version
 .text.panic    0x10003378       0x30 CMakeFiles/pawn_rp2040.dir/home/jules/pico-sdk/src/rp2_common/pico_platform_panic/panic.c.o
                0x10003378                panic
 .text.hw_claim_or_assert
                0x100033a8       0x44 CMakeFiles/pawn_rp2040.dir/home/jules/pico-sdk/src/common/hardware_claim/claim.c.o
                0x100033a8                hw_claim_or_assert
 .text.hw_claim_unused_from_range
                0x100033ec       0x9c CMakeFiles/pawn_rp2040.dir/home/jules/pico-sdk/src/common/hardware_claim/claim.c.o
                0x100033ec                hw_claim_unused_from_range
 .text.next_striped_spin_lock_num
                0x10003488       0x18 CMakeFiles/pawn_rp2040.dir/home/jules/pico-sdk/src/rp2_common/hardware_sync/sync.c.o
                0x10003488                next_striped_spin_lock_num
 .text.spin_lock_claim_unused
                0x100034a0       0x24 CMakeFiles/pawn_rp2040.dir/home/jules/pico-sdk/src/rp2_common/hardware_sync/sync.c.o
                0x100034a0                spin_lock_claim_unused
 .text.spin_locks_reset
                0x100034c4       0x1c CMakeFiles/pawn_rp2040.dir/home/jules/pico-sdk/src/rp2_common/hardware_sync_spin_lock/sync_spin_lock.c.o
                0x100034c4                spin_locks_reset
 .text.runtime_init_per_core_irq_priorities
                0x100034e0       0x24 CMakeFiles/pawn_rp2040.dir/home/jules/pico-sdk/src/rp2_common/hardware_irq/irq.c.o
                0x100034e0                runtime_init_per_core_irq_priorities
 .text.irq_set_enabled
                0x10003504       0x24 CMakeFiles/pawn_rp2040.dir/home/jules/pico-sdk/src/rp2_common/hardware_irq/irq.c.o
                0x10003504                irq_set_enabled
 .text.irq_is_enabled
                0x10003528       0x18 CMakeFiles/pawn_rp2040.dir/home/jules/pico-sdk/src/rp2_common/hardware_irq/irq.c.o
                0x10003528                irq_is_enabled
 .text.irq_set_pending
                0x10003540       0x10 CMakeFiles/pawn_rp2040.dir/home/jules/pico-sdk/src/rp2_common/hardware_irq/irq.c.o
                0x10003540                irq_set_pending
 .text.irq_has_shared_handler
                0x10003550       0x24 CMakeFiles/pawn_rp2040.dir/home/jules/pico-sdk/src/rp2_common/hardware_irq/irq.c.o
                0x10003550                irq_has_shared_handler
 .text.irq_set_exclusive_handler
                0x10003574       0x54 CMakeFiles/pawn_rp2040.dir/home/jules/pico-sdk/src/rp2_common/hardware_irq/irq.c.o
                0x10003574                irq_set_exclusive_handler
 .text.irq_add_shared_handler
                0x100035c8      0x1f4 CMakeFiles/pawn_rp2040.dir/home/jules/pico-sdk/src/rp2_common/hardware_irq/irq.c.o
                0x100035c8                irq_add_shared_handler
 .text.irq_add_tail_to_free_list
                0x100037bc       0xb4 CMakeFiles/pawn_rp2040.dir/home/jules/pico-sdk/src/rp2_common/hardware_irq/irq.c.o
                0x100037bc                irq_add_tail_to_free_list
 .text.user_irq_claim_unused
                0x10003870       0x2c CMakeFiles/pawn_rp2040.dir/home/jules/pico-sdk/src/rp2_common/hardware_irq/irq.c.o
                0x10003870                user_irq_claim_unused
 .text.lock_init
                0x1000389c       0x10 CMakeFiles/pawn_rp2040.dir/home/jules/pico-sdk/src/common/pico_sync/lock_core.c.o
                0x1000389c                lock_init
 .text.runtime_init_mutex
                0x100038ac       0x50 CMakeFiles/pawn_rp2040.dir/home/jules/pico-sdk/src/common/pico_sync/mutex.c.o
                0x100038ac                runtime_init_mutex
 .text.mutex_init
                0x100038fc       0x1c CMakeFiles/pawn_rp2040.dir/home/jules/pico-sdk/src/common/pico_sync/mutex.c.o
                0x100038fc                mutex_init
 .text.critical_section_init
                0x10003918       0x1c CMakeFiles/pawn_rp2040.dir/home/jules/pico-sdk/src/common/pico_sync/critical_section.c.o
                0x10003918                critical_section_init
 .text.critical_section_init_with_lock_num
                0x10003934       0x14 CMakeFiles/pawn_rp2040.dir/home/jules/pico-sdk/src/common/pico_sync/critical_section.c.o
                0x10003934                critical_section_init_with_lock_num
 .text.sleep_until_callback
                0x10003948       0x30 CMakeFiles/pawn_rp2040.dir/home/jules/pico-sdk/src/common/pico_time/time.c.o
 .text.alarm_pool_irq_handler
                0x10003978      0x2fc CMakeFiles/pawn_rp2040.dir/home/jules/pico-sdk/src/common/pico_time/time.c.o
 .text.runtime_init_default_alarm_pool
                0x10003c74       0xdc CMakeFiles/pawn_rp2040.dir/home/jules/pico-sdk/src/common/pico_time/time.c.o
                0x10003c74                runtime_init_default_alarm_pool
 .text.alarm_pool_get_default
                0x10003d50        0x8 CMakeFiles/pawn_rp2040.dir/home/jules/pico-sdk/src/common/pico_time/time.c.o
                0x10003d50                alarm_pool_get_default
 .text.alarm_pool_add_alarm_at
                0x10003d58       0xd4 CMakeFiles/pawn_rp2040.dir/home/jules/pico-sdk/src/common/pico_time/time.c.o
                0x10003d58                alarm_pool_add_alarm_at
 .text.alarm_pool_add_alarm_at_force_in_context
                0x10003e2c       0xb0 CMakeFiles/pawn_rp2040.dir/home/jules/pico-sdk/src/common/pico_time/time.c.o
                0x10003e2c                alarm_pool_add_alarm_at_force_in_context
 .text.alarm_pool_cancel_alarm
                0x10003edc       0x74 CMakeFiles/pawn_rp2040.dir/home/jules/pico-sdk/src/common/pico_time/time.c.o
                0x10003edc                alarm_pool_cancel_alarm
 .text.alarm_pool_core_num
                0x10003f50        0x4 CMakeFiles/pawn_rp2040.dir/home/jules/pico-sdk/src/common/pico_time/time.c.o
                0x10003f50                alarm_pool_core_num
 .text.sleep_until
                0x10003f54       0xd8 CMakeFiles/pawn_rp2040.dir/home/jules/pico-sdk/src/common/pico_time/time.c.o
                0x10003f54                sleep_until
 .text.sleep_ms
                0x1000402c       0x38 CMakeFiles/pawn_rp2040.dir/home/jules/pico-sdk/src/common/pico_time/time.c.o
                0x1000402c                sleep_ms
 .text.best_effort_wfe_or_timeout
                0x10004064       0xf8 CMakeFiles/pawn_rp2040.dir/home/jules/pico-sdk/src/common/pico_time/time.c.o
                0x10004064                best_effort_wfe_or_timeout
 .text.timer_hardware_alarm_claim
                0x1000415c       0x14 CMakeFiles/pawn_rp2040.dir/home/jules/pico-sdk/src/rp2_common/hardware_timer/timer.c.o
                0x1000415c                timer_hardware_alarm_claim
 .text.timer_time_us_64
                0x10004170       0x10 CMakeFiles/pawn_rp2040.dir/home/jules/pico-sdk/src/rp2_common/hardware_timer/timer.c.o
                0x10004170                timer_time_us_64
 .text.time_us_64
                0x10004180       0x14 CMakeFiles/pawn_rp2040.dir/home/jules/pico-sdk/src/rp2_common/hardware_timer/timer.c.o
                0x10004180                time_us_64
 .text.busy_wait_us
                0x10004194       0x68 CMakeFiles/pawn_rp2040.dir/home/jules/pico-sdk/src/rp2_common/hardware_timer/timer.c.o
                0x10004194                busy_wait_us
 .text.busy_wait_until
                0x100041fc       0x20 CMakeFiles/pawn_rp2040.dir/home/jules/pico-sdk/src/rp2_common/hardware_timer/timer.c.o
                0x100041fc                busy_wait_until
 .text.clock_configure_int_divider
                0x1000421c       0xf4 CMakeFiles/pawn_rp2040.dir/home/jules/pico-sdk/src/rp2_common/hardware_clocks/clocks.c.o
                0x1000421c                clock_configure_int_divider
 .text.clock_configure_undivided
                0x10004310       0xe8 CMakeFiles/pawn_rp2040.dir/home/jules/pico-sdk/src/rp2_common/hardware_clocks/clocks.c.o
                0x10004310                clock_configure_undivided
 .text.clock_get_hz
                0x100043f8        0xc CMakeFiles/pawn_rp2040.dir/home/jules/pico-sdk/src/rp2_common/hardware_clocks/clocks.c.o
                0x100043f8                clock_get_hz
 .text.pll_init
                0x10004404       0xa4 CMakeFiles/pawn_rp2040.dir/home/jules/pico-sdk/src/rp2_common/hardware_pll/pll.c.o
                0x10004404                pll_init
 .text.watchdog_reboot
                0x100044a8       0x9c CMakeFiles/pawn_rp2040.dir/home/jules/pico-sdk/src/rp2_common/hardware_watchdog/watchdog.c.o
                0x100044a8                watchdog_reboot
 .text.tick_start
                0x10004544       0x10 CMakeFiles/pawn_rp2040.dir/home/jules/pico-sdk/src/rp2_common/hardware_ticks/ticks.c.o
                0x10004544                tick_start
 .text.rom_func_lookup
                0x10004554       0x10 CMakeFiles/pawn_rp2040.dir/home/jules/pico-sdk/src/rp2_common/pico_bootrom/bootrom.c.o
                0x10004554                rom_func_lookup
 .text.rom_data_lookup
                0x10004564       0x10 CMakeFiles/pawn_rp2040.dir/home/jules/pico-sdk/src/rp2_common/pico_bootrom/bootrom.c.o
                0x10004564                rom_data_lookup
 .text.rom_funcs_lookup
                0x10004574       0x44 CMakeFiles/pawn_rp2040.dir/home/jules/pico-sdk/src/rp2_common/pico_bootrom/bootrom.c.o
                0x10004574                rom_funcs_lookup
 .text.rom_reset_usb_boot_extra
                0x100045b8       0x28 CMakeFiles/pawn_rp2040.dir/home/jules/pico-sdk/src/rp2_common/pico_bootrom/bootrom.c.o
                0x100045b8                rom_reset_usb_boot_extra
 .text.xosc_init
                0x100045e0       0x28 CMakeFiles/pawn_rp2040.dir/home/jules/pico-sdk/src/rp2_common/hardware_xosc/xosc.c.o
                0x100045e0                xosc_init
 .text.first_per_core_initializer
                0x10004608        0x4 CMakeFiles/pawn_rp2040.dir/home/jules/pico-sdk/src/rp2_common/pico_runtime/runtime.c.o
 .text.hard_assertion_failure
                0x1000460c        0xc CMakeFiles/pawn_rp2040.dir/home/jules/pico-sdk/src/rp2_common/pico_runtime/runtime.c.o
                0x1000460c                hard_assertion_failure
 .text.runtime_run_initializers
                0x10004618       0x28 CMakeFiles/pawn_rp2040.dir/home/jules/pico-sdk/src/rp2_common/pico_runtime/runtime.c.o
                0x10004618                runtime_run_initializers
 .text.runtime_init_early_resets
                0x10004640       0x2c CMakeFiles/pawn_rp2040.dir/home/jules/pico-sdk/src/rp2_common/pico_runtime_init/runtime_init.c.o
                0x10004640                runtime_init_early_resets
 .text.runtime_init_usb_power_down
                0x1000466c       0x1c CMakeFiles/pawn_rp2040.dir/home/jules/pico-sdk/src/rp2_common/pico_runtime_init/runtime_init.c.o
                0x1000466c                runtime_init_usb_power_down
 .text.runtime_init_post_clock_resets
                0x10004688       0x20 CMakeFiles/pawn_rp2040.dir/home/jules/pico-sdk/src/rp2_common/pico_runtime_init/runtime_init.c.o
                0x10004688                runtime_init_post_clock_resets
 .text.runtime_init_rp2040_gpio_ie_disable
                0x100046a8       0x14 CMakeFiles/pawn_rp2040.dir/home/jules/pico-sdk/src/rp2_common/pico_runtime_init/runtime_init.c.o
                0x100046a8                runtime_init_rp2040_gpio_ie_disable
 .text.runtime_init_spin_locks_reset
                0x100046bc        0x8 CMakeFiles/pawn_rp2040.dir/home/jules/pico-sdk/src/rp2_common/pico_runtime_init/runtime_init.c.o
                0x100046bc                runtime_init_spin_locks_reset
 .text.runtime_init_install_ram_vector_table
                0x100046c4       0xb4 CMakeFiles/pawn_rp2040.dir/home/jules/pico-sdk/src/rp2_common/pico_runtime_init/runtime_init.c.o
                0x100046c4                runtime_init_install_ram_vector_table
 .text.runtime_init_clocks
                0x10004778       0xd8 CMakeFiles/pawn_rp2040.dir/home/jules/pico-sdk/src/rp2_common/pico_runtime_init/runtime_init_clocks.c.o
                0x10004778                runtime_init_clocks
 .text          0x10004850       0x10 CMakeFiles/pawn_rp2040.dir/home/jules/pico-sdk/src/rp2_common/pico_bit_ops/bit_ops_aeabi.S.o
 .text.__wrap___aeabi_idiv
                0x10004860       0x50 CMakeFiles/pawn_rp2040.dir/home/jules/pico-sdk/src/rp2_common/pico_divider/divider_hardware.S.o
                0x10004860                __wrap___aeabi_idivmod
                0x10004860                divmod_s32s32
                0x10004860                div_s32s32
                0x10004860                __wrap___aeabi_idiv
                0x10004868                divmod_s32s32_unsafe
                0x10004894                divmod_s32s32_savestate
 .text.__wrap___aeabi_uidiv
                0x100048b0       0x4c CMakeFiles/pawn_rp2040.dir/home/jules/pico-sdk/src/rp2_common/pico_divider/divider_hardware.S.o
                0x100048b0                __wrap___aeabi_uidiv
                0x100048b0                __wrap___aeabi_uidivmod
                0x100048b0                div_u32u32
                0x100048b0                divmod_u32u32
                0x100048b8                divmod_u32u32_unsafe
                0x100048e0                divmod_u32u32_savestate
 .text.__wrap___aeabi_ldiv
                0x100048fc      0x424 CMakeFiles/pawn_rp2040.dir/home/jules/pico-sdk/src/rp2_common/pico_divider/divider_hardware.S.o
                0x100048fc                div_s64s64
                0x100048fc                divmod_s64s64
                0x100048fc                __wrap___aeabi_ldivmod
                0x1000492c                div_u64u64
                0x1000492c                divmod_u64u64
                0x1000492c                __wrap___aeabi_uldivmod
                0x1000493c                divmod_u64u64_savestate
                0x1000495c                divmod_s64s64_unsafe
                0x100049e4                divmod_u64u64_unsafe
 .text.__wrap___aeabi_darithmetic
                0x10004d20       0x60 CMakeFiles/pawn_rp2040.dir/home/jules/pico-sdk/src/rp2_common/pico_double/double_aeabi_rp2040.S.o
                0x10004d20                __wrap___aeabi_drsub
                0x10004d26                __wrap___aeabi_dsub
                0x10004d30                __wrap___aeabi_dadd
                0x10004d3a                __wrap___aeabi_ddiv
                0x10004d6e                __wrap___aeabi_dmul
 .text.__wrap___aeabi_cdcmple
                0x10004d80       0x6c CMakeFiles/pawn_rp2040.dir/home/jules/pico-sdk/src/rp2_common/pico_double/double_aeabi_rp2040.S.o
                0x10004d80                __wrap___aeabi_cdrcmple
                0x10004d90                __wrap___aeabi_cdcmple
                0x10004d90                __wrap___aeabi_cdcmpeq
 .text.__wrap___aeabi_dcmplt
                0x10004dec        0xc CMakeFiles/pawn_rp2040.dir/home/jules/pico-sdk/src/rp2_common/pico_double/double_aeabi_rp2040.S.o
                0x10004dec                __wrap___aeabi_dcmplt
 .text.__wrap___aeabi_dcmpge
                0x10004df8       0x10 CMakeFiles/pawn_rp2040.dir/home/jules/pico-sdk/src/rp2_common/pico_double/double_aeabi_rp2040.S.o
                0x10004df8                __wrap___aeabi_dcmpge
 .text.__wrap___aeabi_dcmpgt
                0x10004e08        0xa CMakeFiles/pawn_rp2040.dir/home/jules/pico-sdk/src/rp2_common/pico_double/double_aeabi_rp2040.S.o
                0x10004e08                __wrap___aeabi_dcmpgt
 .text.__wrap___aeabi_dcmpun
                0x10004e12       0x18 CMakeFiles/pawn_rp2040.dir/home/jules/pico-sdk/src/rp2_common/pico_double/double_aeabi_rp2040.S.o
                0x10004e12                __wrap___aeabi_dcmpun
 *fill*         0x10004e2a        0x2
 .text.__wrap___aeabi_i2d
                0x10004e2c       0x38 CMakeFiles/pawn_rp2040.dir/home/jules/pico-sdk/src/rp2_common/pico_double/double_aeabi_rp2040.S.o
                0x10004e2c                __wrap___aeabi_ui2d
                0x10004e2c                uint2double
                0x10004e34                __wrap___aeabi_i2d
                0x10004e34                int2double
 .text.__wrap___aeabi_d2iz
                0x10004e64       0x48 CMakeFiles/pawn_rp2040.dir/home/jules/pico-sdk/src/rp2_common/pico_double/double_aeabi_rp2040.S.o
                0x10004e64                __wrap___aeabi_d2iz
                0x10004e64                double2int_z
 .text.__wrap___aeabi_d2uiz
                0x10004eac       0x10 CMakeFiles/pawn_rp2040.dir/home/jules/pico-sdk/src/rp2_common/pico_double/double_aeabi_rp2040.S.o
                0x10004eac                double2uint_z
                0x10004eac                double2uint
                0x10004eac                __wrap___aeabi_d2uiz
 .text.missing_double_func_shim
                0x10004ebc        0xc CMakeFiles/pawn_rp2040.dir/home/jules/pico-sdk/src/rp2_common/pico_double/double_init_rom_rp2040.c.o
 .text.__aeabi_double_init
                0x10004ec8       0xa0 CMakeFiles/pawn_rp2040.dir/home/jules/pico-sdk/src/rp2_common/pico_double/double_init_rom_rp2040.c.o
                0x10004ec8                __aeabi_double_init
 .text.double_table_shim_on_use_helper
                0x10004f68       0x2c CMakeFiles/pawn_rp2040.dir/home/jules/pico-sdk/src/rp2_common/pico_double/double_v1_rom_shim_rp2040.S.o
                0x10004f68                double_table_shim_on_use_helper
 .text.__aeabi_lmul
                0x10004f94       0x32 CMakeFiles/pawn_rp2040.dir/home/jules/pico-sdk/src/rp2_common/pico_int64_ops/pico_int64_ops_aeabi.S.o
                0x10004f94                __wrap___aeabi_lmul
 *fill*         0x10004fc6        0x2
 .text.missing_float_func_shim
                0x10004fc8        0xc CMakeFiles/pawn_rp2040.dir/home/jules/pico-sdk/src/rp2_common/pico_float/float_init_rom_rp2040.c.o
 .text.__aeabi_float_init
                0x10004fd4       0x5c CMakeFiles/pawn_rp2040.dir/home/jules/pico-sdk/src/rp2_common/pico_float/float_init_rom_rp2040.c.o
                0x10004fd4                __aeabi_float_init
 .text.__wrap_malloc
                0x10005030       0x24 CMakeFiles/pawn_rp2040.dir/home/jules/pico-sdk/src/rp2_common/pico_malloc/malloc.c.o
                0x10005030                __wrap_malloc
 .text.__wrap_free
                0x10005054        0x8 CMakeFiles/pawn_rp2040.dir/home/jules/pico-sdk/src/rp2_common/pico_malloc/malloc.c.o
                0x10005054                __wrap_free
 .text          0x1000505c       0x10 CMakeFiles/pawn_rp2040.dir/home/jules/pico-sdk/src/rp2_common/pico_mem_ops/mem_ops_aeabi.S.o
                0x1000505c                __aeabi_mem_init
 .text.memset   0x1000506c        0xc CMakeFiles/pawn_rp2040.dir/home/jules/pico-sdk/src/rp2_common/pico_mem_ops/mem_ops_aeabi.S.o
                0x1000506c                __wrap_memset
 .text.memcpy   0x10005078        0xc CMakeFiles/pawn_rp2040.dir/home/jules/pico-sdk/src/rp2_common/pico_mem_ops/mem_ops_aeabi.S.o
                0x10005078                __wrap___aeabi_memcpy
                0x10005078                __wrap_memcpy
 .text._out_null
                0x10005084        0x4 CMakeFiles/pawn_rp2040.dir/home/jules/pico-sdk/src/rp2_common/pico_printf/printf.c.o
 .text._out_rev
                0x10005088       0xac CMakeFiles/pawn_rp2040.dir/home/jules/pico-sdk/src/rp2_common/pico_printf/printf.c.o
 .text._ntoa_format
                0x10005134      0x250 CMakeFiles/pawn_rp2040.dir/home/jules/pico-sdk/src/rp2_common/pico_printf/printf.c.o
 .text._out_char
                0x10005384       0x10 CMakeFiles/pawn_rp2040.dir/home/jules/pico-sdk/src/rp2_common/pico_printf/printf.c.o
 .text._out_fct
                0x10005394       0x10 CMakeFiles/pawn_rp2040.dir/home/jules/pico-sdk/src/rp2_common/pico_printf/printf.c.o
 .text._etoa    0x100053a4      0x464 CMakeFiles/pawn_rp2040.dir/home/jules/pico-sdk/src/rp2_common/pico_printf/printf.c.o
 .text._ftoa    0x10005808      0x3c0 CMakeFiles/pawn_rp2040.dir/home/jules/pico-sdk/src/rp2_common/pico_printf/printf.c.o
 .text._vsnprintf
                0x10005bc8      0xbc8 CMakeFiles/pawn_rp2040.dir/home/jules/pico-sdk/src/rp2_common/pico_printf/printf.c.o
 .text.vfctprintf
                0x10006790       0x20 CMakeFiles/pawn_rp2040.dir/home/jules/pico-sdk/src/rp2_common/pico_printf/printf.c.o
                0x10006790                vfctprintf
 .text.weak_raw_vprintf
                0x100067b0       0x30 CMakeFiles/pawn_rp2040.dir/home/jules/pico-sdk/src/rp2_common/pico_printf/printf.c.o
                0x100067b0                weak_raw_vprintf
 .text._exit    0x100067e0        0x4 CMakeFiles/pawn_rp2040.dir/home/jules/pico-sdk/src/rp2_common/pico_clib_interface/newlib_interface.c.o
                0x100067e0                _exit
 .text._sbrk    0x100067e4       0x34 CMakeFiles/pawn_rp2040.dir/home/jules/pico-sdk/src/rp2_common/pico_clib_interface/newlib_interface.c.o
                0x100067e4                _sbrk
 .text._read    0x10006818       0x24 CMakeFiles/pawn_rp2040.dir/home/jules/pico-sdk/src/rp2_common/pico_clib_interface/newlib_interface.c.o
                0x10006818                _read
 .text._write   0x1000683c       0x24 CMakeFiles/pawn_rp2040.dir/home/jules/pico-sdk/src/rp2_common/pico_clib_interface/newlib_interface.c.o
                0x1000683c                _write
 .text._close   0x10006860        0x8 CMakeFiles/pawn_rp2040.dir/home/jules/pico-sdk/src/rp2_common/pico_clib_interface/newlib_interface.c.o
                0x10006860                _close
 .text._lseek   0x10006868        0x8 CMakeFiles/pawn_rp2040.dir/home/jules/pico-sdk/src/rp2_common/pico_clib_interface/newlib_interface.c.o
                0x10006868                _lseek
 .text._fstat   0x10006870        0x8 CMakeFiles/pawn_rp2040.dir/home/jules/pico-sdk/src/rp2_common/pico_clib_interface/newlib_interface.c.o
                0x10006870                _fstat
 .text._isatty  0x10006878        0xc CMakeFiles/pawn_rp2040.dir/home/jules/pico-sdk/src/rp2_common/pico_clib_interface/newlib_interface.c.o
                0x10006878                _isatty
 .text.exit     0x10006884        0x8 CMakeFiles/pawn_rp2040.dir/home/jules/pico-sdk/src/rp2_common/pico_clib_interface/newlib_interface.c.o
                0x10006884                exit
 .text.runtime_init
                0x1000688c       0x2c CMakeFiles/pawn_rp2040.dir/home/jules/pico-sdk/src/rp2_common/pico_clib_interface/newlib_interface.c.o
                0x1000688c                runtime_init
 .text.stdio_out_chars_no_crlf
                0x100068b8       0x10 CMakeFiles/pawn_rp2040.dir/home/jules/pico-sdk/src/rp2_common/pico_stdio/stdio.c.o
 .text.stdio_out_chars_crlf
                0x100068c8       0x94 CMakeFiles/pawn_rp2040.dir/home/jules/pico-sdk/src/rp2_common/pico_stdio/stdio.c.o
 .text.stdio_buffered_printer
                0x1000695c       0x64 CMakeFiles/pawn_rp2040.dir/home/jules/pico-sdk/src/rp2_common/pico_stdio/stdio.c.o
 .text.stdio_put_string
                0x100069c0      0x100 CMakeFiles/pawn_rp2040.dir/home/jules/pico-sdk/src/rp2_common/pico_stdio/stdio.c.o
                0x100069c0                stdio_put_string
 .text.stdio_get_until
                0x10006ac0       0x84 CMakeFiles/pawn_rp2040.dir/home/jules/pico-sdk/src/rp2_common/pico_stdio/stdio.c.o
                0x10006ac0                stdio_get_until
 .text.stdio_set_driver_enabled
                0x10006b44       0x30 CMakeFiles/pawn_rp2040.dir/home/jules/pico-sdk/src/rp2_common/pico_stdio/stdio.c.o
                0x10006b44                stdio_set_driver_enabled
 .text.stdio_init_all
                0x10006b74        0x8 CMakeFiles/pawn_rp2040.dir/home/jules/pico-sdk/src/rp2_common/pico_stdio/stdio.c.o
                0x10006b74                stdio_init_all
 .text.stdio_getchar_timeout_us
                0x10006b7c       0x98 CMakeFiles/pawn_rp2040.dir/home/jules/pico-sdk/src/rp2_common/pico_stdio/stdio.c.o
                0x10006b7c                stdio_getchar_timeout_us
 .text.__wrap_putchar
                0x10006c14       0x98 CMakeFiles/pawn_rp2040.dir/home/jules/pico-sdk/src/rp2_common/pico_stdio/stdio.c.o
                0x10006c14                stdio_putchar
                0x10006c14                __wrap_putchar
 .text.__wrap_puts
                0x10006cac       0x3c CMakeFiles/pawn_rp2040.dir/home/jules/pico-sdk/src/rp2_common/pico_stdio/stdio.c.o
                0x10006cac                __wrap_puts
                0x10006cac                stdio_puts
 .text.__wrap_vprintf
                0x10006ce8       0xd4 CMakeFiles/pawn_rp2040.dir/home/jules/pico-sdk/src/rp2_common/pico_stdio/stdio.c.o
                0x10006ce8                __wrap_vprintf
                0x10006ce8                stdio_vprintf
 .text.__wrap_printf
                0x10006dbc       0x18 CMakeFiles/pawn_rp2040.dir/home/jules/pico-sdk/src/rp2_common/pico_stdio/stdio.c.o
                0x10006dbc                stdio_printf
                0x10006dbc                __wrap_printf
 .text.resetd_init
                0x10006dd4        0x4 CMakeFiles/pawn_rp2040.dir/home/jules/pico-sdk/src/rp2_common/pico_stdio_usb/reset_interface.c.o
 .text.resetd_reset
                0x10006dd8        0xc CMakeFiles/pawn_rp2040.dir/home/jules/pico-sdk/src/rp2_common/pico_stdio_usb/reset_interface.c.o
 .text.resetd_open
                0x10006de4       0x28 CMakeFiles/pawn_rp2040.dir/home/jules/pico-sdk/src/rp2_common/pico_stdio_usb/reset_interface.c.o
 .text.resetd_xfer_cb
                0x10006e0c        0x4 CMakeFiles/pawn_rp2040.dir/home/jules/pico-sdk/src/rp2_common/pico_stdio_usb/reset_interface.c.o
 .text.resetd_control_xfer_cb
                0x10006e10       0x5c CMakeFiles/pawn_rp2040.dir/home/jules/pico-sdk/src/rp2_common/pico_stdio_usb/reset_interface.c.o
 .text.tud_descriptor_bos_cb
                0x10006e6c        0x8 CMakeFiles/pawn_rp2040.dir/home/jules/pico-sdk/src/rp2_common/pico_stdio_usb/reset_interface.c.o
                0x10006e6c                tud_descriptor_bos_cb
 .text.tud_vendor_control_xfer_cb
                0x10006e74       0x34 CMakeFiles/pawn_rp2040.dir/home/jules/pico-sdk/src/rp2_common/pico_stdio_usb/reset_interface.c.o
                0x10006e74                tud_vendor_control_xfer_cb
 .text.usbd_app_driver_get_cb
                0x10006ea8        0xc CMakeFiles/pawn_rp2040.dir/home/jules/pico-sdk/src/rp2_common/pico_stdio_usb/reset_interface.c.o
                0x10006ea8                usbd_app_driver_get_cb
 .text.tud_cdc_line_coding_cb
                0x10006eb4       0x2c CMakeFiles/pawn_rp2040.dir/home/jules/pico-sdk/src/rp2_common/pico_stdio_usb/reset_interface.c.o
                0x10006eb4                tud_cdc_line_coding_cb
 .text.stdio_usb_set_chars_available_callback
                0x10006ee0       0x14 CMakeFiles/pawn_rp2040.dir/home/jules/pico-sdk/src/rp2_common/pico_stdio_usb/stdio_usb.c.o
                0x10006ee0                stdio_usb_set_chars_available_callback
 .text.usb_irq  0x10006ef4       0x10 CMakeFiles/pawn_rp2040.dir/home/jules/pico-sdk/src/rp2_common/pico_stdio_usb/stdio_usb.c.o
 .text.timer_task
                0x10006f04       0x64 CMakeFiles/pawn_rp2040.dir/home/jules/pico-sdk/src/rp2_common/pico_stdio_usb/stdio_usb.c.o
 .text.stdio_usb_in_chars
                0x10006f68       0x90 CMakeFiles/pawn_rp2040.dir/home/jules/pico-sdk/src/rp2_common/pico_stdio_usb/stdio_usb.c.o
                0x10006f68                stdio_usb_in_chars
 .text.stdio_usb_out_flush
                0x10006ff8       0x50 CMakeFiles/pawn_rp2040.dir/home/jules/pico-sdk/src/rp2_common/pico_stdio_usb/stdio_usb.c.o
 .text.stdio_usb_out_chars
                0x10007048      0x104 CMakeFiles/pawn_rp2040.dir/home/jules/pico-sdk/src/rp2_common/pico_stdio_usb/stdio_usb.c.o
 .text.low_priority_worker_irq
                0x1000714c       0xcc CMakeFiles/pawn_rp2040.dir/home/jules/pico-sdk/src/rp2_common/pico_stdio_usb/stdio_usb.c.o
 .text.stdio_usb_init
                0x10007218       0xec CMakeFiles/pawn_rp2040.dir/home/jules/pico-sdk/src/rp2_common/pico_stdio_usb/stdio_usb.c.o
                0x10007218                stdio_usb_init
 .text.tud_descriptor_device_cb
                0x10007304        0x8 CMakeFiles/pawn_rp2040.dir/home/jules/pico-sdk/src/rp2_common/pico_stdio_usb/stdio_usb_descriptors.c.o
                0x10007304                tud_descriptor_device_cb
 .text.tud_descriptor_configuration_cb
                0x1000730c        0x8 CMakeFiles/pawn_rp2040.dir/home/jules/pico-sdk/src/rp2_common/pico_stdio_usb/stdio_usb_descriptors.c.o
                0x1000730c                tud_descriptor_configuration_cb
 .text.tud_descriptor_string_cb
                0x10007314       0x78 CMakeFiles/pawn_rp2040.dir/home/jules/pico-sdk/src/rp2_common/pico_stdio_usb/stdio_usb_descriptors.c.o
                0x10007314                tud_descriptor_string_cb
 .text.startup._retrieve_unique_id_on_boot
                0x1000738c       0x10 CMakeFiles/pawn_rp2040.dir/home/jules/pico-sdk/src/rp2_common/pico_unique_id/unique_id.c.o
 .text.pico_get_unique_board_id_string
                0x1000739c      0x1a8 CMakeFiles/pawn_rp2040.dir/home/jules/pico-sdk/src/rp2_common/pico_unique_id/unique_id.c.o
                0x1000739c                pico_get_unique_board_id_string
 .text.flash_get_unique_id
                0x10007544       0x3c CMakeFiles/pawn_rp2040.dir/home/jules/pico-sdk/src/rp2_common/hardware_flash/flash.c.o
                0x10007544                flash_get_unique_id
 .text.dcd_init
                0x10007580       0x90 CMakeFiles/pawn_rp2040.dir/home/jules/pico-sdk/lib/tinyusb/src/portable/raspberrypi/rp2040/dcd_rp2040.c.o
                0x10007580                dcd_init
 .text.dcd_int_enable
                0x10007610        0xc CMakeFiles/pawn_rp2040.dir/home/jules/pico-sdk/lib/tinyusb/src/portable/raspberrypi/rp2040/dcd_rp2040.c.o
                0x10007610                dcd_int_enable
 .text.dcd_set_address
                0x1000761c       0x14 CMakeFiles/pawn_rp2040.dir/home/jules/pico-sdk/lib/tinyusb/src/portable/raspberrypi/rp2040/dcd_rp2040.c.o
                0x1000761c                dcd_set_address
 .text.dcd_sof_enable
                0x10007630       0x1c CMakeFiles/pawn_rp2040.dir/home/jules/pico-sdk/lib/tinyusb/src/portable/raspberrypi/rp2040/dcd_rp2040.c.o
                0x10007630                dcd_sof_enable
 .text.dcd_edpt0_status_complete
                0x1000764c       0x1c CMakeFiles/pawn_rp2040.dir/home/jules/pico-sdk/lib/tinyusb/src/portable/raspberrypi/rp2040/dcd_rp2040.c.o
                0x1000764c                dcd_edpt0_status_complete
 .text.dcd_edpt_open
                0x10007668      0x114 CMakeFiles/pawn_rp2040.dir/home/jules/pico-sdk/lib/tinyusb/src/portable/raspberrypi/rp2040/dcd_rp2040.c.o
                0x10007668                dcd_edpt_open
 .text.dcd_edpt_close_all
                0x1000777c        0x8 CMakeFiles/pawn_rp2040.dir/home/jules/pico-sdk/lib/tinyusb/src/portable/raspberrypi/rp2040/dcd_rp2040.c.o
                0x1000777c                dcd_edpt_close_all
 .text.dcd_edpt_xfer
                0x10007784       0x24 CMakeFiles/pawn_rp2040.dir/home/jules/pico-sdk/lib/tinyusb/src/portable/raspberrypi/rp2040/dcd_rp2040.c.o
                0x10007784                dcd_edpt_xfer
 .text.dcd_edpt_stall
                0x100077a8       0x34 CMakeFiles/pawn_rp2040.dir/home/jules/pico-sdk/lib/tinyusb/src/portable/raspberrypi/rp2040/dcd_rp2040.c.o
                0x100077a8                dcd_edpt_stall
 .text.dcd_edpt_clear_stall
                0x100077dc       0x30 CMakeFiles/pawn_rp2040.dir/home/jules/pico-sdk/lib/tinyusb/src/portable/raspberrypi/rp2040/dcd_rp2040.c.o
                0x100077dc                dcd_edpt_clear_stall
 .text.rp2040_usb_init
                0x1000780c       0x40 CMakeFiles/pawn_rp2040.dir/home/jules/pico-sdk/lib/tinyusb/src/portable/raspberrypi/rp2040/rp2040_usb.c.o
                0x1000780c                rp2040_usb_init
 .text.hw_endpoint_xfer_start
                0x1000784c       0x40 CMakeFiles/pawn_rp2040.dir/home/jules/pico-sdk/lib/tinyusb/src/portable/raspberrypi/rp2040/rp2040_usb.c.o
                0x1000784c                hw_endpoint_xfer_start
 .text.tud_event_hook_cb
                0x1000788c        0x4 CMakeFiles/pawn_rp2040.dir/home/jules/pico-sdk/lib/tinyusb/src/device/usbd.c.o
                0x1000788c                tud_event_hook_cb
 .text.tud_sof_cb
                0x10007890        0x4 CMakeFiles/pawn_rp2040.dir/home/jules/pico-sdk/lib/tinyusb/src/device/usbd.c.o
                0x10007890                tud_sof_cb
 .text.tud_descriptor_device_qualifier_cb
                0x10007894        0x4 CMakeFiles/pawn_rp2040.dir/home/jules/pico-sdk/lib/tinyusb/src/device/usbd.c.o
                0x10007894                tud_descriptor_device_qualifier_cb
 .text.tud_descriptor_other_speed_configuration_cb
                0x10007898        0x4 CMakeFiles/pawn_rp2040.dir/home/jules/pico-sdk/lib/tinyusb/src/device/usbd.c.o
                0x10007898                tud_descriptor_other_speed_configuration_cb
 .text.tud_mount_cb
                0x1000789c        0x4 CMakeFiles/pawn_rp2040.dir/home/jules/pico-sdk/lib/tinyusb/src/device/usbd.c.o
                0x1000789c                tud_mount_cb
 .text.tud_umount_cb
                0x100078a0        0x4 CMakeFiles/pawn_rp2040.dir/home/jules/pico-sdk/lib/tinyusb/src/device/usbd.c.o
                0x100078a0                tud_umount_cb
 .text.tud_suspend_cb
                0x100078a4        0x4 CMakeFiles/pawn_rp2040.dir/home/jules/pico-sdk/lib/tinyusb/src/device/usbd.c.o
                0x100078a4                tud_suspend_cb
 .text.tud_resume_cb
                0x100078a8        0x4 CMakeFiles/pawn_rp2040.dir/home/jules/pico-sdk/lib/tinyusb/src/device/usbd.c.o
                0x100078a8                tud_resume_cb
 .text.tud_mounted
                0x100078ac       0x10 CMakeFiles/pawn_rp2040.dir/home/jules/pico-sdk/lib/tinyusb/src/device/usbd.c.o
                0x100078ac                tud_mounted
 .text.tud_suspended
                0x100078bc       0x10 CMakeFiles/pawn_rp2040.dir/home/jules/pico-sdk/lib/tinyusb/src/device/usbd.c.o
                0x100078bc                tud_suspended
 .text.tud_rhport_init
                0x100078cc       0xfc CMakeFiles/pawn_rp2040.dir/home/jules/pico-sdk/lib/tinyusb/src/device/usbd.c.o
                0x100078cc                tud_rhport_init
 .text.tud_task_ext
                0x100079c8      0x800 CMakeFiles/pawn_rp2040.dir/home/jules/pico-sdk/lib/tinyusb/src/device/usbd.c.o
                0x100079c8                tud_task_ext
 .text.usbd_open_edpt_pair
                0x100081c8       0x9c CMakeFiles/pawn_rp2040.dir/home/jules/pico-sdk/lib/tinyusb/src/device/usbd.c.o
                0x100081c8                usbd_open_edpt_pair
 .text.usbd_edpt_open
                0x10008264       0x34 CMakeFiles/pawn_rp2040.dir/home/jules/pico-sdk/lib/tinyusb/src/device/usbd.c.o
                0x10008264                usbd_edpt_open
 .text.usbd_edpt_claim
                0x10008298       0x28 CMakeFiles/pawn_rp2040.dir/home/jules/pico-sdk/lib/tinyusb/src/device/usbd.c.o
                0x10008298                usbd_edpt_claim
 .text.usbd_edpt_release
                0x100082c0       0x28 CMakeFiles/pawn_rp2040.dir/home/jules/pico-sdk/lib/tinyusb/src/device/usbd.c.o
                0x100082c0                usbd_edpt_release
 .text.usbd_edpt_xfer
                0x100082e8       0x4c CMakeFiles/pawn_rp2040.dir/home/jules/pico-sdk/lib/tinyusb/src/device/usbd.c.o
                0x100082e8                usbd_edpt_xfer
 .text.tud_control_status
                0x10008334       0x2c CMakeFiles/pawn_rp2040.dir/home/jules/pico-sdk/lib/tinyusb/src/device/usbd_control.c.o
                0x10008334                tud_control_status
 .text.tud_control_xfer
                0x10008360       0xac CMakeFiles/pawn_rp2040.dir/home/jules/pico-sdk/lib/tinyusb/src/device/usbd_control.c.o
                0x10008360                tud_control_xfer
 .text.usbd_control_reset
                0x1000840c       0x14 CMakeFiles/pawn_rp2040.dir/home/jules/pico-sdk/lib/tinyusb/src/device/usbd_control.c.o
                0x1000840c                usbd_control_reset
 .text.usbd_control_set_complete_callback
                0x10008420        0xc CMakeFiles/pawn_rp2040.dir/home/jules/pico-sdk/lib/tinyusb/src/device/usbd_control.c.o
                0x10008420                usbd_control_set_complete_callback
 .text.usbd_control_set_request
                0x1000842c       0x1c CMakeFiles/pawn_rp2040.dir/home/jules/pico-sdk/lib/tinyusb/src/device/usbd_control.c.o
                0x1000842c                usbd_control_set_request
 .text.usbd_control_xfer_cb
                0x10008448       0xec CMakeFiles/pawn_rp2040.dir/home/jules/pico-sdk/lib/tinyusb/src/device/usbd_control.c.o
                0x10008448                usbd_control_xfer_cb
 .text._prep_out_transaction.isra.0
                0x10008534       0x6c CMakeFiles/pawn_rp2040.dir/home/jules/pico-sdk/lib/tinyusb/src/class/cdc/cdc_device.c.o
 .text.tud_cdc_n_connected
                0x100085a0       0x2c CMakeFiles/pawn_rp2040.dir/home/jules/pico-sdk/lib/tinyusb/src/class/cdc/cdc_device.c.o
                0x100085a0                tud_cdc_n_connected
 .text.tud_cdc_n_available
                0x100085cc       0x14 CMakeFiles/pawn_rp2040.dir/home/jules/pico-sdk/lib/tinyusb/src/class/cdc/cdc_device.c.o
                0x100085cc                tud_cdc_n_available
 .text.tud_cdc_n_read
                0x100085e0       0x94 CMakeFiles/pawn_rp2040.dir/home/jules/pico-sdk/lib/tinyusb/src/class/cdc/cdc_device.c.o
                0x100085e0                tud_cdc_n_read
 .text.tud_cdc_n_write_flush
                0x10008674       0x74 CMakeFiles/pawn_rp2040.dir/home/jules/pico-sdk/lib/tinyusb/src/class/cdc/cdc_device.c.o
                0x10008674                tud_cdc_n_write_flush
 .text.tud_cdc_n_write
                0x100086e8       0x40 CMakeFiles/pawn_rp2040.dir/home/jules/pico-sdk/lib/tinyusb/src/class/cdc/cdc_device.c.o
                0x100086e8                tud_cdc_n_write
 .text.tud_cdc_n_write_available
                0x10008728       0x14 CMakeFiles/pawn_rp2040.dir/home/jules/pico-sdk/lib/tinyusb/src/class/cdc/cdc_device.c.o
                0x10008728                tud_cdc_n_write_available
 .text.cdcd_init
                0x1000873c       0x70 CMakeFiles/pawn_rp2040.dir/home/jules/pico-sdk/lib/tinyusb/src/class/cdc/cdc_device.c.o
                0x1000873c                cdcd_init
 .text.cdcd_deinit
                0x100087ac       0x34 CMakeFiles/pawn_rp2040.dir/home/jules/pico-sdk/lib/tinyusb/src/class/cdc/cdc_device.c.o
                0x100087ac                cdcd_deinit
 .text.cdcd_reset
                0x100087e0       0x4c CMakeFiles/pawn_rp2040.dir/home/jules/pico-sdk/lib/tinyusb/src/class/cdc/cdc_device.c.o
                0x100087e0                cdcd_reset
 .text.cdcd_open
                0x1000882c       0xa8 CMakeFiles/pawn_rp2040.dir/home/jules/pico-sdk/lib/tinyusb/src/class/cdc/cdc_device.c.o
                0x1000882c                cdcd_open
 .text.cdcd_control_xfer_cb
                0x100088d4       0xe8 CMakeFiles/pawn_rp2040.dir/home/jules/pico-sdk/lib/tinyusb/src/class/cdc/cdc_device.c.o
                0x100088d4                cdcd_control_xfer_cb
 .text.cdcd_xfer_cb
                0x100089bc      0x100 CMakeFiles/pawn_rp2040.dir/home/jules/pico-sdk/lib/tinyusb/src/class/cdc/cdc_device.c.o
                0x100089bc                cdcd_xfer_cb
 .text.vendord_init
                0x10008abc       0x5c CMakeFiles/pawn_rp2040.dir/home/jules/pico-sdk/lib/tinyusb/src/class/vendor/vendor_device.c.o
                0x10008abc                vendord_init
 .text.vendord_deinit
                0x10008b18       0x1c CMakeFiles/pawn_rp2040.dir/home/jules/pico-sdk/lib/tinyusb/src/class/vendor/vendor_device.c.o
                0x10008b18                vendord_deinit
 .text.vendord_reset
                0x10008b34       0x28 CMakeFiles/pawn_rp2040.dir/home/jules/pico-sdk/lib/tinyusb/src/class/vendor/vendor_device.c.o
                0x10008b34                vendord_reset
 .text.vendord_open
                0x10008b5c      0x128 CMakeFiles/pawn_rp2040.dir/home/jules/pico-sdk/lib/tinyusb/src/class/vendor/vendor_device.c.o
                0x10008b5c                vendord_open
 .text.vendord_xfer_cb
                0x10008c84       0x9c CMakeFiles/pawn_rp2040.dir/home/jules/pico-sdk/lib/tinyusb/src/class/vendor/vendor_device.c.o
                0x10008c84                vendord_xfer_cb
 .text.tusb_rhport_init
                0x10008d20       0x48 CMakeFiles/pawn_rp2040.dir/home/jules/pico-sdk/lib/tinyusb/src/tusb.c.o
                0x10008d20                tusb_rhport_init
 .text.tu_edpt_claim
                0x10008d68       0x50 CMakeFiles/pawn_rp2040.dir/home/jules/pico-sdk/lib/tinyusb/src/tusb.c.o
                0x10008d68                tu_edpt_claim
 .text.tu_edpt_release
                0x10008db8       0x38 CMakeFiles/pawn_rp2040.dir/home/jules/pico-sdk/lib/tinyusb/src/tusb.c.o
                0x10008db8                tu_edpt_release
 .text.tu_edpt_validate
                0x10008df0       0x7c CMakeFiles/pawn_rp2040.dir/home/jules/pico-sdk/lib/tinyusb/src/tusb.c.o
                0x10008df0                tu_edpt_validate
 .text.tu_edpt_bind_driver
                0x10008e6c       0x34 CMakeFiles/pawn_rp2040.dir/home/jules/pico-sdk/lib/tinyusb/src/tusb.c.o
                0x10008e6c                tu_edpt_bind_driver
 .text.tu_edpt_stream_init
                0x10008ea0       0x6c CMakeFiles/pawn_rp2040.dir/home/jules/pico-sdk/lib/tinyusb/src/tusb.c.o
                0x10008ea0                tu_edpt_stream_init
 .text.tu_edpt_stream_deinit
                0x10008f0c        0x4 CMakeFiles/pawn_rp2040.dir/home/jules/pico-sdk/lib/tinyusb/src/tusb.c.o
                0x10008f0c                tu_edpt_stream_deinit
 .text.tu_edpt_stream_write_zlp_if_needed
                0x10008f10       0x68 CMakeFiles/pawn_rp2040.dir/home/jules/pico-sdk/lib/tinyusb/src/tusb.c.o
                0x10008f10                tu_edpt_stream_write_zlp_if_needed
 .text.tu_edpt_stream_write_xfer
                0x10008f78       0x64 CMakeFiles/pawn_rp2040.dir/home/jules/pico-sdk/lib/tinyusb/src/tusb.c.o
                0x10008f78                tu_edpt_stream_write_xfer
 .text.tu_edpt_stream_read_xfer
                0x10008fdc       0xdc CMakeFiles/pawn_rp2040.dir/home/jules/pico-sdk/lib/tinyusb/src/tusb.c.o
                0x10008fdc                tu_edpt_stream_read_xfer
 .text.tu_fifo_config
                0x100090b8       0x6c CMakeFiles/pawn_rp2040.dir/home/jules/pico-sdk/lib/tinyusb/src/common/tusb_fifo.c.o
                0x100090b8                tu_fifo_config
 .text.tu_fifo_count
                0x10009124       0x2c CMakeFiles/pawn_rp2040.dir/home/jules/pico-sdk/lib/tinyusb/src/common/tusb_fifo.c.o
                0x10009124                tu_fifo_count
 .text.tu_fifo_empty
                0x10009150       0x10 CMakeFiles/pawn_rp2040.dir/home/jules/pico-sdk/lib/tinyusb/src/common/tusb_fifo.c.o
                0x10009150                tu_fifo_empty
 .text.tu_fifo_remaining
                0x10009160       0x2c CMakeFiles/pawn_rp2040.dir/home/jules/pico-sdk/lib/tinyusb/src/common/tusb_fifo.c.o
                0x10009160                tu_fifo_remaining
 .text.tu_fifo_read
                0x1000918c       0x9c CMakeFiles/pawn_rp2040.dir/home/jules/pico-sdk/lib/tinyusb/src/common/tusb_fifo.c.o
                0x1000918c                tu_fifo_read
 .text.tu_fifo_read_n
                0x10009228       0xe8 CMakeFiles/pawn_rp2040.dir/home/jules/pico-sdk/lib/tinyusb/src/common/tusb_fifo.c.o
                0x10009228                tu_fifo_read_n
 .text.tu_fifo_write
                0x10009310       0xa8 CMakeFiles/pawn_rp2040.dir/home/jules/pico-sdk/lib/tinyusb/src/common/tusb_fifo.c.o
                0x10009310                tu_fifo_write
 .text.tu_fifo_write_n
                0x100093b8      0x178 CMakeFiles/pawn_rp2040.dir/home/jules/pico-sdk/lib/tinyusb/src/common/tusb_fifo.c.o
                0x100093b8                tu_fifo_write_n
 .text.tu_fifo_clear
                0x10009530       0x40 CMakeFiles/pawn_rp2040.dir/home/jules/pico-sdk/lib/tinyusb/src/common/tusb_fifo.c.o
                0x10009530                tu_fifo_clear
 .text.tu_fifo_set_overwritable
                0x10009570       0x48 CMakeFiles/pawn_rp2040.dir/home/jules/pico-sdk/lib/tinyusb/src/common/tusb_fifo.c.o
                0x10009570                tu_fifo_set_overwritable
 .text          0x100095b8      0x198 /usr/lib/gcc/arm-none-eabi/13.2.1/../../../arm-none-eabi/lib/thumb/v6-m/nofp/libg.a(libc_a-fread.o)
                0x100095b8                _fread_r
                0x10009730                fread
 .text          0x10009750       0x88 /usr/lib/gcc/arm-none-eabi/13.2.1/../../../arm-none-eabi/lib/thumb/v6-m/nofp/libg.a(libc_a-strcmp.o)
                0x10009750                strcmp
 .text          0x100097d8      0x1c4 /usr/lib/gcc/arm-none-eabi/13.2.1/../../../arm-none-eabi/lib/thumb/v6-m/nofp/libg.a(libc_a-fflush.o)
                0x100097d8                __sflush_r
                0x10009920                _fflush_r
                0x1000994c                fflush
 .text          0x1000999c      0x5b4 /usr/lib/gcc/arm-none-eabi/13.2.1/../../../arm-none-eabi/lib/thumb/v6-m/nofp/libg.a(libc_a-mallocr.o)
                0x1000999c                _malloc_r
 .text          0x10009f50      0x288 /usr/lib/gcc/arm-none-eabi/13.2.1/../../../arm-none-eabi/lib/thumb/v6-m/nofp/libg.a(libc_a-freer.o)
                0x10009f50                _malloc_trim_r
                0x1000a004                _free_r
 .text          0x1000a1d8       0x48 /usr/lib/gcc/arm-none-eabi/13.2.1/../../../arm-none-eabi/lib/thumb/v6-m/nofp/libg.a(libc_a-memcmp.o)
                0x1000a1d8                memcmp
 .text          0x1000a220       0xa4 /usr/lib/gcc/arm-none-eabi/13.2.1/../../../arm-none-eabi/lib/thumb/v6-m/nofp/libg.a(libc_a-fclose.o)
                0x1000a220                _fclose_r
                0x1000a2b0                fclose
 .text          0x1000a2c4       0x28 /usr/lib/gcc/arm-none-eabi/13.2.1/../../../arm-none-eabi/lib/thumb/v6-m/nofp/libg.a(libc_a-malloc.o)
                0x1000a2c4                malloc
                0x1000a2d8                free
 .text          0x1000a2ec       0x1c /usr/lib/gcc/arm-none-eabi/13.2.1/../../../arm-none-eabi/lib/thumb/v6-m/nofp/libg.a(libc_a-sysconf.o)
                0x1000a2ec                sysconf
 .text          0x1000a308       0xa8 /usr/lib/gcc/arm-none-eabi/13.2.1/../../../arm-none-eabi/lib/thumb/v6-m/nofp/libg.a(libc_a-stdio.o)
                0x1000a308                __sread
                0x1000a330                __seofread
                0x1000a334                __swrite
                0x1000a374                __sseek
                0x1000a3a4                __sclose
 .text          0x1000a3b0      0x120 /usr/lib/gcc/arm-none-eabi/13.2.1/../../../arm-none-eabi/lib/thumb/v6-m/nofp/libg.a(libc_a-refill.o)
                0x1000a3d0                __srefill_r
 .text          0x1000a4d0       0x28 /usr/lib/gcc/arm-none-eabi/13.2.1/../../../arm-none-eabi/lib/thumb/v6-m/nofp/libg.a(libc_a-writer.o)
                0x1000a4d0                _write_r
 .text          0x1000a4f8       0x28 /usr/lib/gcc/arm-none-eabi/13.2.1/../../../arm-none-eabi/lib/thumb/v6-m/nofp/libg.a(libc_a-fstatr.o)
                0x1000a4f8                _fstat_r
 .text          0x1000a520        0x8 /usr/lib/gcc/arm-none-eabi/13.2.1/../../../arm-none-eabi/lib/thumb/v6-m/nofp/libg.a(libc_a-mlock.o)
                0x1000a520                __malloc_lock
                0x1000a524                __malloc_unlock
 .text          0x1000a528      0x258 /usr/lib/gcc/arm-none-eabi/13.2.1/../../../arm-none-eabi/lib/thumb/v6-m/nofp/libg.a(libc_a-findfp.o)
                0x1000a684                __sfp
                0x1000a724                __sinit
                0x1000a748                __sfp_lock_acquire
                0x1000a74c                __sfp_lock_release
                0x1000a750                __fp_lock_all
                0x1000a768                __fp_unlock_all
 .text          0x1000a780       0x10 /usr/lib/gcc/arm-none-eabi/13.2.1/../../../arm-none-eabi/lib/thumb/v6-m/nofp/libg.a(libc_a-atexit.o)
                0x1000a780                atexit
 .text          0x1000a790       0x5c /usr/lib/gcc/arm-none-eabi/13.2.1/../../../arm-none-eabi/lib/thumb/v6-m/nofp/libg.a(libc_a-strlen-stub.o)
                0x1000a790                strlen
 .text          0x1000a7ec       0x24 /usr/lib/gcc/arm-none-eabi/13.2.1/../../../arm-none-eabi/lib/thumb/v6-m/nofp/libg.a(libc_a-sbrkr.o)
                0x1000a7ec                _sbrk_r
 .text          0x1000a810       0x24 /usr/lib/gcc/arm-none-eabi/13.2.1/../../../arm-none-eabi/lib/thumb/v6-m/nofp/libg.a(libc_a-closer.o)
                0x1000a810                _close_r
 .text          0x1000a834       0x28 /usr/lib/gcc/arm-none-eabi/13.2.1/../../../arm-none-eabi/lib/thumb/v6-m/nofp/libg.a(libc_a-fini.o)
                0x1000a834                __libc_fini_array
 .text          0x1000a85c       0x44 /usr/lib/gcc/arm-none-eabi/13.2.1/../../../arm-none-eabi/lib/thumb/v6-m/nofp/libg.a(libc_a-fwalk.o)
                0x1000a85c                _fwalk_sglue
 .text          0x1000a8a0      0x138 /usr/lib/gcc/arm-none-eabi/13.2.1/../../../arm-none-eabi/lib/thumb/v6-m/nofp/libg.a(libc_a-makebuf.o)
                0x1000a8a0                __smakebuf_r
                0x1000a980                __swhatbuf_r
 .text          0x1000a9d8        0xc /usr/lib/gcc/arm-none-eabi/13.2.1/../../../arm-none-eabi/lib/thumb/v6-m/nofp/libg.a(libc_a-errno.o)
                0x1000a9d8                __errno
 .text          0x1000a9e4       0x28 /usr/lib/gcc/arm-none-eabi/13.2.1/../../../arm-none-eabi/lib/thumb/v6-m/nofp/libg.a(libc_a-readr.o)
                0x1000a9e4                _read_r
 .text          0x1000aa0c       0x28 /usr/lib/gcc/arm-none-eabi/13.2.1/../../../arm-none-eabi/lib/thumb/v6-m/nofp/libg.a(libc_a-lseekr.o)
                0x1000aa0c                _lseek_r
 .text          0x1000aa34       0x78 /usr/lib/gcc/arm-none-eabi/13.2.1/../../../arm-none-eabi/lib/thumb/v6-m/nofp/libg.a(libc_a-__atexit.o)
                0x1000aa34                __register_exitproc
 .text          0x1000aaac       0x24 /usr/lib/gcc/arm-none-eabi/13.2.1/../../../arm-none-eabi/lib/thumb/v6-m/nofp/libg.a(libc_a-isattyr.o)
                0x1000aaac                _isatty_r
 .text.startup  0x1000aad0       0x18 /usr/lib/gcc/arm-none-eabi/13.2.1/../../../arm-none-eabi/lib/thumb/v6-m/nofp/libg.a(libc_a-__call_atexit.o)
 *(.fini)
 .fini          0x1000aae8        0x4 /usr/lib/gcc/arm-none-eabi/13.2.1/thumb/v6-m/nofp/crti.o
                0x1000aae8                _fini
 *fill*         0x1000aaec        0x4
 .fini.__stub   0x1000aaf0       0xe0 linker stubs
 *crtbegin.o(.ctors)
 *crtbegin?.o(.ctors)
 *(EXCLUDE_FILE(*crtend.o *crtend?.o) .ctors)
 *(SORT_BY_NAME(.ctors.*))
 *(.ctors)
 *crtbegin.o(.dtors)
 *crtbegin?.o(.dtors)
 *(EXCLUDE_FILE(*crtend.o *crtend?.o) .dtors)
 *(SORT_BY_NAME(.dtors.*))
 *(.dtors)
                0x1000abd0                        . = ALIGN (0x4)
                0x1000abd0                        PROVIDE (__preinit_array_start = .)
 *(SORT_BY_NAME(.preinit_array.*))
 .preinit_array.00100
                0x1000abd0        0x4 CMakeFiles/pawn_rp2040.dir/home/jules/pico-sdk/src/rp2_common/pico_runtime_init/runtime_init.c.o
                0x1000abd0                __pre_init_runtime_init_early_resets
 .preinit_array.00101
                0x1000abd4        0x4 CMakeFiles/pawn_rp2040.dir/home/jules/pico-sdk/src/rp2_common/pico_runtime_init/runtime_init.c.o
                0x1000abd4                __pre_init_runtime_init_usb_power_down
 .preinit_array.00275
                0x1000abd8        0x4 CMakeFiles/pawn_rp2040.dir/home/jules/pico-sdk/src/rp2_common/pico_bit_ops/bit_ops_aeabi.S.o
 .preinit_array.00300
                0x1000abdc        0x4 CMakeFiles/pawn_rp2040.dir/home/jules/pico-sdk/src/rp2_common/pico_mem_ops/mem_ops_aeabi.S.o
 .preinit_array.00350
                0x1000abe0        0x4 CMakeFiles/pawn_rp2040.dir/home/jules/pico-sdk/src/rp2_common/pico_double/double_aeabi_rp2040.S.o
 .preinit_array.00350
                0x1000abe4        0x4 CMakeFiles/pawn_rp2040.dir/home/jules/pico-sdk/src/rp2_common/pico_float/float_aeabi_rp2040.S.o
 .preinit_array.00500
                0x1000abe8        0x4 CMakeFiles/pawn_rp2040.dir/home/jules/pico-sdk/src/rp2_common/pico_runtime_init/runtime_init.c.o
                0x1000abe8                __pre_init_runtime_init_clocks
 .preinit_array.00600
                0x1000abec        0x4 CMakeFiles/pawn_rp2040.dir/home/jules/pico-sdk/src/rp2_common/pico_runtime_init/runtime_init.c.o
                0x1000abec                __pre_init_runtime_init_post_clock_resets
 .preinit_array.00700
                0x1000abf0        0x4 CMakeFiles/pawn_rp2040.dir/home/jules/pico-sdk/src/rp2_common/pico_runtime_init/runtime_init.c.o
                0x1000abf0                __pre_init_runtime_init_rp2040_gpio_ie_disable
 .preinit_array.01000
                0x1000abf4        0x4 CMakeFiles/pawn_rp2040.dir/home/jules/pico-sdk/src/rp2_common/pico_runtime_init/runtime_init.c.o
                0x1000abf4                __pre_init_runtime_init_spin_locks_reset
 .preinit_array.01100
                0x1000abf8        0x4 CMakeFiles/pawn_rp2040.dir/home/jules/pico-sdk/src/common/pico_sync/mutex.c.o
                0x1000abf8                __pre_init_runtime_init_mutex
 .preinit_array.10080
                0x1000abfc        0x4 CMakeFiles/pawn_rp2040.dir/home/jules/pico-sdk/src/rp2_common/pico_runtime_init/runtime_init.c.o
                0x1000abfc                __pre_init_runtime_init_install_ram_vector_table
 .preinit_array.11000
                0x1000ac00        0x4 CMakeFiles/pawn_rp2040.dir/home/jules/pico-sdk/src/common/pico_time/time.c.o
                0x1000ac00                __pre_init_runtime_init_default_alarm_pool
 .preinit_array.YYYYY
                0x1000ac04        0x4 CMakeFiles/pawn_rp2040.dir/home/jules/pico-sdk/src/rp2_common/pico_runtime/runtime.c.o
                0x1000ac04                __pre_init_first_per_core_initializer
 .preinit_array.ZZZZZ.01200
                0x1000ac08        0x4 CMakeFiles/pawn_rp2040.dir/home/jules/pico-sdk/src/rp2_common/hardware_irq/irq.c.o
                0x1000ac08                __pre_init_runtime_init_per_core_irq_priorities
 *(.preinit_array)
                0x1000ac0c                        PROVIDE (__preinit_array_end = .)
                0x1000ac0c                        . = ALIGN (0x4)
                0x1000ac0c                        PROVIDE (__init_array_start = .)
 *(SORT_BY_NAME(.init_array.*))
 .init_array.00000
                0x1000ac0c        0x4 /usr/lib/gcc/arm-none-eabi/13.2.1/../../../arm-none-eabi/lib/thumb/v6-m/nofp/libg.a(libc_a-__call_atexit.o)
 .init_array.01000
                0x1000ac10        0x4 CMakeFiles/pawn_rp2040.dir/home/jules/pico-sdk/src/rp2_common/pico_unique_id/unique_id.c.o
 *(.init_array)
 .init_array    0x1000ac14        0x4 /usr/lib/gcc/arm-none-eabi/13.2.1/thumb/v6-m/nofp/crtbegin.o
                0x1000ac18                        PROVIDE (__init_array_end = .)
                0x1000ac18                        . = ALIGN (0x4)
                0x1000ac18                        PROVIDE (__fini_array_start = .)
 *(SORT_BY_NAME(.fini_array.*))
 *(.fini_array)
                0x1000ac18                        PROVIDE (__fini_array_end = .)
 *(.eh_frame*)
 .eh_frame      0x1000ac18        0x0 /usr/lib/gcc/arm-none-eabi/13.2.1/thumb/v6-m/nofp/crtbegin.o
                0x1000ac18                        . = ALIGN (0x4)

.glue_7         0x1000ac18        0x0
 .glue_7        0x1000ac18        0x0 linker stubs

.glue_7t        0x1000ac18        0x0
 .glue_7t       0x1000ac18        0x0 linker stubs

.vfp11_veneer   0x1000ac18        0x0
 .vfp11_veneer  0x1000ac18        0x0 linker stubs

.v4_bx          0x1000ac18        0x0
 .v4_bx         0x1000ac18        0x0 linker stubs

.iplt           0x1000ac18        0x0
 .iplt          0x1000ac18        0x0 /usr/lib/gcc/arm-none-eabi/13.2.1/thumb/v6-m/nofp/crtbegin.o

.rodata         0x1000ac18      0xcfc
 *(EXCLUDE_FILE(*libm.a: *libc.a:*lib_a-mem*.o *libgcc.a:) .rodata*)
 .rodata.run_script.str1.4
                0x1000ac18      0x358 CMakeFiles/pawn_rp2040.dir/main.c.o
                                 0xb4 (size before relaxing)
 .rodata.upload_script.str1.4
                0x1000af70       0xa8 CMakeFiles/pawn_rp2040.dir/main.c.o
 .rodata.main.str1.4
                0x1000af70       0x45 CMakeFiles/pawn_rp2040.dir/main.c.o
 .rodata.CSWTCH.20
                0x1000af70        0xc CMakeFiles/pawn_rp2040.dir/main.c.o
 .rodata.str1.4
                0x1000af7c        0xf CMakeFiles/pawn_rp2040.dir/main.c.o
 .rodata.VerifyPcode
                0x1000af7c      0x210 CMakeFiles/pawn_rp2040.dir/pawn/amx.c.o
 .rodata.amx_Exec
                0x1000b18c      0x2d8 CMakeFiles/pawn_rp2040.dir/pawn/amx.c.o
 .rodata.panic.str1.4
                0x1000b464       0x12 CMakeFiles/pawn_rp2040.dir/home/jules/pico-sdk/src/rp2_common/pico_platform_panic/panic.c.o
 .rodata.spin_lock_claim_unused.str1.4
                0x1000b464       0x1b CMakeFiles/pawn_rp2040.dir/home/jules/pico-sdk/src/rp2_common/hardware_sync/sync.c.o
 .rodata.user_irq_claim_unused.str1.4
                0x1000b464       0x1b CMakeFiles/pawn_rp2040.dir/home/jules/pico-sdk/src/rp2_common/hardware_irq/irq.c.o
 *fill*         0x1000b464        0x4
 .rodata.at_the_end_of_time
                0x1000b468        0x8 CMakeFiles/pawn_rp2040.dir/home/jules/pico-sdk/src/common/pico_time/time.c.o
                0x1000b468                at_the_end_of_time
 .rodata.timer_hardware_alarm_claim.str1.4
                0x1000b470       0x22 CMakeFiles/pawn_rp2040.dir/home/jules/pico-sdk/src/rp2_common/hardware_timer/timer.c.o
 .rodata.hard_assertion_failure.str1.4
                0x1000b470        0xc CMakeFiles/pawn_rp2040.dir/home/jules/pico-sdk/src/rp2_common/pico_runtime/runtime.c.o
 .rodata.missing_double_func_shim.str1.4
                0x1000b470       0x18 CMakeFiles/pawn_rp2040.dir/home/jules/pico-sdk/src/rp2_common/pico_double/double_init_rom_rp2040.c.o
 .rodata.missing_float_func_shim.str1.4
                0x1000b470        0x1 CMakeFiles/pawn_rp2040.dir/home/jules/pico-sdk/src/rp2_common/pico_float/float_init_rom_rp2040.c.o
 .rodata.__wrap_malloc.str1.4
                0x1000b470        0xe CMakeFiles/pawn_rp2040.dir/home/jules/pico-sdk/src/rp2_common/pico_malloc/malloc.c.o
 .rodata.str1.4
                0x1000b470       0x4c CMakeFiles/pawn_rp2040.dir/home/jules/pico-sdk/src/rp2_common/pico_standard_binary_info/standard_binary_info.c.o
 .rodata.__bi_84
                0x1000b470        0xc CMakeFiles/pawn_rp2040.dir/home/jules/pico-sdk/src/rp2_common/pico_standard_binary_info/standard_binary_info.c.o
 .rodata.__bi_78
                0x1000b47c        0xc CMakeFiles/pawn_rp2040.dir/home/jules/pico-sdk/src/rp2_common/pico_standard_binary_info/standard_binary_info.c.o
 .rodata.__bi_54
                0x1000b488        0xc CMakeFiles/pawn_rp2040.dir/home/jules/pico-sdk/src/rp2_common/pico_standard_binary_info/standard_binary_info.c.o
 .rodata.__bi_48
                0x1000b494        0xc CMakeFiles/pawn_rp2040.dir/home/jules/pico-sdk/src/rp2_common/pico_standard_binary_info/standard_binary_info.c.o
 .rodata.__bi_42
                0x1000b4a0        0xc CMakeFiles/pawn_rp2040.dir/home/jules/pico-sdk/src/rp2_common/pico_standard_binary_info/standard_binary_info.c.o
 .rodata.__bi_34
                0x1000b4ac        0xc CMakeFiles/pawn_rp2040.dir/home/jules/pico-sdk/src/rp2_common/pico_standard_binary_info/standard_binary_info.c.o
 .rodata.__bi_26
                0x1000b4b8        0xc CMakeFiles/pawn_rp2040.dir/home/jules/pico-sdk/src/rp2_common/pico_standard_binary_info/standard_binary_info.c.o
 .rodata._ftoa.str1.4
                0x1000b4c4       0x15 CMakeFiles/pawn_rp2040.dir/home/jules/pico-sdk/src/rp2_common/pico_printf/printf.c.o
 .rodata._vsnprintf
                0x1000b4c4      0x19c CMakeFiles/pawn_rp2040.dir/home/jules/pico-sdk/src/rp2_common/pico_printf/printf.c.o
 .rodata.pow10.0
                0x1000b660       0x50 CMakeFiles/pawn_rp2040.dir/home/jules/pico-sdk/src/rp2_common/pico_printf/printf.c.o
 .rodata.crlf_str.0
                0x1000b6b0        0x2 CMakeFiles/pawn_rp2040.dir/home/jules/pico-sdk/src/rp2_common/pico_stdio/stdio.c.o
 *fill*         0x1000b6b2        0x2
 .rodata._resetd_driver
                0x1000b6b4       0x20 CMakeFiles/pawn_rp2040.dir/home/jules/pico-sdk/src/rp2_common/pico_stdio_usb/reset_interface.c.o
 .rodata.desc_ms_os_20
                0x1000b6d4       0xa6 CMakeFiles/pawn_rp2040.dir/home/jules/pico-sdk/src/rp2_common/pico_stdio_usb/reset_interface.c.o
 *fill*         0x1000b77a        0x2
 .rodata.desc_bos
                0x1000b77c       0x21 CMakeFiles/pawn_rp2040.dir/home/jules/pico-sdk/src/rp2_common/pico_stdio_usb/reset_interface.c.o
                0x1000b77c                desc_bos
 .rodata.str1.4
                0x1000b79d       0x13 CMakeFiles/pawn_rp2040.dir/home/jules/pico-sdk/src/rp2_common/pico_stdio_usb/stdio_usb.c.o
 *fill*         0x1000b79d        0x3
 .rodata.__bi_202.0
                0x1000b7a0        0xc CMakeFiles/pawn_rp2040.dir/home/jules/pico-sdk/src/rp2_common/pico_stdio_usb/stdio_usb.c.o
 .rodata.str1.4
                0x1000b7ac       0x2a CMakeFiles/pawn_rp2040.dir/home/jules/pico-sdk/src/rp2_common/pico_stdio_usb/stdio_usb_descriptors.c.o
 .rodata.usbd_desc_str
                0x1000b7ac       0x18 CMakeFiles/pawn_rp2040.dir/home/jules/pico-sdk/src/rp2_common/pico_stdio_usb/stdio_usb_descriptors.c.o
 .rodata.usbd_desc_cfg
                0x1000b7c4       0x54 CMakeFiles/pawn_rp2040.dir/home/jules/pico-sdk/src/rp2_common/pico_stdio_usb/stdio_usb_descriptors.c.o
 .rodata.usbd_desc_device
                0x1000b818       0x12 CMakeFiles/pawn_rp2040.dir/home/jules/pico-sdk/src/rp2_common/pico_stdio_usb/stdio_usb_descriptors.c.o
 .rodata.str1.4
                0x1000b82a       0x14 CMakeFiles/pawn_rp2040.dir/home/jules/pico-sdk/lib/tinyusb/src/portable/raspberrypi/rp2040/dcd_rp2040.c.o
 .rodata.str1.4
                0x1000b82a       0x48 CMakeFiles/pawn_rp2040.dir/home/jules/pico-sdk/lib/tinyusb/src/portable/raspberrypi/rp2040/rp2040_usb.c.o
 *fill*         0x1000b82a        0x2
 .rodata.tud_task_ext
                0x1000b82c       0x8c CMakeFiles/pawn_rp2040.dir/home/jules/pico-sdk/lib/tinyusb/src/device/usbd.c.o
 .rodata        0x1000b8b8       0x1c CMakeFiles/pawn_rp2040.dir/home/jules/pico-sdk/lib/tinyusb/src/device/usbd.c.o
 .rodata._usbd_driver
                0x1000b8d4       0x40 CMakeFiles/pawn_rp2040.dir/home/jules/pico-sdk/lib/tinyusb/src/device/usbd.c.o
                0x1000b914                        . = ALIGN (0x4)
 *(SORT_BY_ALIGNMENT(SORT_BY_NAME(.flashdata*)))
                0x1000b914                        . = ALIGN (0x4)

.ARM.extab
 *(.ARM.extab* .gnu.linkonce.armextab.*)
                0x1000b914                        __exidx_start = .

.ARM.exidx
 *(.ARM.exidx* .gnu.linkonce.armexidx.*)
                0x1000b914                        __exidx_end = .
                0x1000b914                        . = ALIGN (0x4)
                0x1000b914                        __binary_info_start = .

.binary_info    0x1000b914       0x20
 *(.binary_info.keep.*)
 .binary_info.keep.__bi_ptr84
                0x1000b914        0x4 CMakeFiles/pawn_rp2040.dir/home/jules/pico-sdk/src/rp2_common/pico_standard_binary_info/standard_binary_info.c.o
 .binary_info.keep.__bi_ptr78
                0x1000b918        0x4 CMakeFiles/pawn_rp2040.dir/home/jules/pico-sdk/src/rp2_common/pico_standard_binary_info/standard_binary_info.c.o
 .binary_info.keep.__bi_ptr54
                0x1000b91c        0x4 CMakeFiles/pawn_rp2040.dir/home/jules/pico-sdk/src/rp2_common/pico_standard_binary_info/standard_binary_info.c.o
 .binary_info.keep.__bi_ptr48
                0x1000b920        0x4 CMakeFiles/pawn_rp2040.dir/home/jules/pico-sdk/src/rp2_common/pico_standard_binary_info/standard_binary_info.c.o
 .binary_info.keep.__bi_ptr42
                0x1000b924        0x4 CMakeFiles/pawn_rp2040.dir/home/jules/pico-sdk/src/rp2_common/pico_standard_binary_info/standard_binary_info.c.o
 .binary_info.keep.__bi_ptr34
                0x1000b928        0x4 CMakeFiles/pawn_rp2040.dir/home/jules/pico-sdk/src/rp2_common/pico_standard_binary_info/standard_binary_info.c.o
 .binary_info.keep.__bi_ptr26
                0x1000b92c        0x4 CMakeFiles/pawn_rp2040.dir/home/jules/pico-sdk/src/rp2_common/pico_standard_binary_info/standard_binary_info.c.o
 *(.binary_info.*)
 .binary_info.__bi_ptr202
                0x1000b930        0x4 CMakeFiles/pawn_rp2040.dir/home/jules/pico-sdk/src/rp2_common/pico_stdio_usb/stdio_usb.c.o
                0x1000b934                        __binary_info_end = .
                0x1000b934                        . = ALIGN (0x4)

.ram_vector_table
                0x20000000       0xc0
 *(.ram_vector_table)
 .ram_vector_table
                0x20000000       0xc0 CMakeFiles/pawn_rp2040.dir/home/jules/pico-sdk/src/rp2_common/pico_runtime_init/runtime_init.c.o
                0x20000000                ram_vector_table

.uninitialized_data
                0x200000c0        0x0
                0x200000c0                        . = ALIGN (0x4)
 *(.uninitialized_data*)

.data           0x200000c0     0x1634 load address 0x1000b934
                0x200000c0                        __data_start__ = .
 *(vtable)
 *(.time_critical*)
 .time_critical.mutex_try_enter
                0x200000c0       0x40 CMakeFiles/pawn_rp2040.dir/home/jules/pico-sdk/src/common/pico_sync/mutex.c.o
                0x200000c0                mutex_try_enter
 .time_critical.mutex_try_enter_block_until
                0x20000100       0x9c CMakeFiles/pawn_rp2040.dir/home/jules/pico-sdk/src/common/pico_sync/mutex.c.o
                0x20000100                mutex_try_enter_block_until
 .time_critical.mutex_enter_timeout_ms
                0x2000019c       0x90 CMakeFiles/pawn_rp2040.dir/home/jules/pico-sdk/src/common/pico_sync/mutex.c.o
                0x2000019c                mutex_enter_timeout_ms
 .time_critical.mutex_exit
                0x2000022c       0x28 CMakeFiles/pawn_rp2040.dir/home/jules/pico-sdk/src/common/pico_sync/mutex.c.o
                0x2000022c                mutex_exit
 .time_critical.flash_init_boot2_copyout
                0x20000254       0x30 CMakeFiles/pawn_rp2040.dir/home/jules/pico-sdk/src/rp2_common/hardware_flash/flash.c.o
 .time_critical.flash_enable_xip_via_boot2
                0x20000284        0xc CMakeFiles/pawn_rp2040.dir/home/jules/pico-sdk/src/rp2_common/hardware_flash/flash.c.o
 .time_critical.flash_save_hardware_state
                0x20000290       0x20 CMakeFiles/pawn_rp2040.dir/home/jules/pico-sdk/src/rp2_common/hardware_flash/flash.c.o
 .time_critical.flash_restore_hardware_state
                0x200002b0       0x20 CMakeFiles/pawn_rp2040.dir/home/jules/pico-sdk/src/rp2_common/hardware_flash/flash.c.o
 .time_critical.flash_cs_force
                0x200002d0       0x38 CMakeFiles/pawn_rp2040.dir/home/jules/pico-sdk/src/rp2_common/hardware_flash/flash.c.o
 .time_critical.flash_range_erase
                0x20000308       0x90 CMakeFiles/pawn_rp2040.dir/home/jules/pico-sdk/src/rp2_common/hardware_flash/flash.c.o
                0x20000308                flash_range_erase
 .time_critical.flash_range_program
                0x20000398       0x90 CMakeFiles/pawn_rp2040.dir/home/jules/pico-sdk/src/rp2_common/hardware_flash/flash.c.o
                0x20000398                flash_range_program
 .time_critical.flash_do_cmd
                0x20000428       0xd0 CMakeFiles/pawn_rp2040.dir/home/jules/pico-sdk/src/rp2_common/hardware_flash/flash.c.o
                0x20000428                flash_do_cmd
 .time_critical.reset_non_control_endpoints
                0x200004f8       0x68 CMakeFiles/pawn_rp2040.dir/home/jules/pico-sdk/lib/tinyusb/src/portable/raspberrypi/rp2040/dcd_rp2040.c.o
 .time_critical.hw_handle_buff_status
                0x20000560       0xa0 CMakeFiles/pawn_rp2040.dir/home/jules/pico-sdk/lib/tinyusb/src/portable/raspberrypi/rp2040/dcd_rp2040.c.o
 .time_critical.dcd_rp2040_irq
                0x20000600      0x544 CMakeFiles/pawn_rp2040.dir/home/jules/pico-sdk/lib/tinyusb/src/portable/raspberrypi/rp2040/dcd_rp2040.c.o
 .time_critical.prepare_ep_buffer
                0x20000b44       0xe0 CMakeFiles/pawn_rp2040.dir/home/jules/pico-sdk/lib/tinyusb/src/portable/raspberrypi/rp2040/rp2040_usb.c.o
 .time_critical.sync_ep_buffer
                0x20000c24       0xa8 CMakeFiles/pawn_rp2040.dir/home/jules/pico-sdk/lib/tinyusb/src/portable/raspberrypi/rp2040/rp2040_usb.c.o
 .time_critical._hw_endpoint_xfer_sync
                0x20000ccc       0x28 CMakeFiles/pawn_rp2040.dir/home/jules/pico-sdk/lib/tinyusb/src/portable/raspberrypi/rp2040/rp2040_usb.c.o
 .time_critical.e15_is_bulkin_ep
                0x20000cf4       0x28 CMakeFiles/pawn_rp2040.dir/home/jules/pico-sdk/lib/tinyusb/src/portable/raspberrypi/rp2040/rp2040_usb.c.o
 .time_critical.e15_is_critical_frame_period
                0x20000d1c       0x34 CMakeFiles/pawn_rp2040.dir/home/jules/pico-sdk/lib/tinyusb/src/portable/raspberrypi/rp2040/rp2040_usb.c.o
 .time_critical.hw_endpoint_reset_transfer
                0x20000d50        0xc CMakeFiles/pawn_rp2040.dir/home/jules/pico-sdk/lib/tinyusb/src/portable/raspberrypi/rp2040/rp2040_usb.c.o
                0x20000d50                hw_endpoint_reset_transfer
 .time_critical._hw_endpoint_buffer_control_update32
                0x20000d5c       0x50 CMakeFiles/pawn_rp2040.dir/home/jules/pico-sdk/lib/tinyusb/src/portable/raspberrypi/rp2040/rp2040_usb.c.o
                0x20000d5c                _hw_endpoint_buffer_control_update32
 .time_critical.hw_endpoint_start_next_buffer
                0x20000dac       0x6c CMakeFiles/pawn_rp2040.dir/home/jules/pico-sdk/lib/tinyusb/src/portable/raspberrypi/rp2040/rp2040_usb.c.o
                0x20000dac                hw_endpoint_start_next_buffer
 .time_critical.hw_endpoint_xfer_continue
                0x20000e18       0x40 CMakeFiles/pawn_rp2040.dir/home/jules/pico-sdk/lib/tinyusb/src/portable/raspberrypi/rp2040/rp2040_usb.c.o
                0x20000e18                hw_endpoint_xfer_continue
 .time_critical.tinyusb
                0x20000e58      0x1e4 CMakeFiles/pawn_rp2040.dir/home/jules/pico-sdk/lib/tinyusb/src/device/usbd.c.o
                0x20000e58                dcd_event_handler
 *(.text*)
 .text          0x2000103c        0x4 /usr/lib/gcc/arm-none-eabi/13.2.1/thumb/v6-m/nofp/libgcc.a(_dvmd_tls.o)
                0x2000103c                __aeabi_ldiv0
                0x2000103c                __aeabi_idiv0
 .text.__stub   0x20001040       0x90 linker stubs
                0x200010d0                        . = ALIGN (0x4)
 *(.rodata*)
                0x200010d0                        . = ALIGN (0x4)
 *(.data*)
 .data.native_functions
                0x200010d0       0x18 CMakeFiles/pawn_rp2040.dir/main.c.o
                0x200010d0                native_functions
 .data.script_flash
                0x200010e8        0x4 CMakeFiles/pawn_rp2040.dir/main.c.o
                0x200010e8                script_flash
 .data.striped_spin_lock_num
                0x200010ec        0x1 CMakeFiles/pawn_rp2040.dir/home/jules/pico-sdk/src/rp2_common/hardware_sync/sync.c.o
 *fill*         0x200010ed        0x3
 .data          0x200010f0       0x48 CMakeFiles/pawn_rp2040.dir/home/jules/pico-sdk/src/rp2_common/hardware_irq/irq_handler_chain.S.o
                0x200010f0                irq_handler_chain_slots
                0x20001120                irq_handler_chain_first_slot
                0x2000112a                irq_handler_chain_remove_tail
 .data.default_alarm_pool
                0x20001138       0x18 CMakeFiles/pawn_rp2040.dir/home/jules/pico-sdk/src/common/pico_time/time.c.o
 .data.aeabi_bits_funcs
                0x20001150       0x10 CMakeFiles/pawn_rp2040.dir/home/jules/pico-sdk/src/rp2_common/pico_bit_ops/bit_ops_aeabi.S.o
                0x20001150                aeabi_bits_funcs
                0x20001160                aeabi_bits_funcs_end
 .data.aeabi_mem_funcs
                0x20001160       0x10 CMakeFiles/pawn_rp2040.dir/home/jules/pico-sdk/src/rp2_common/pico_mem_ops/mem_ops_aeabi.S.o
                0x20001160                aeabi_mem_funcs
                0x20001170                aeabi_mem_funcs_end
 .data.stdio_usb
                0x20001170       0x18 CMakeFiles/pawn_rp2040.dir/home/jules/pico-sdk/src/rp2_common/pico_stdio_usb/stdio_usb.c.o
                0x20001170                stdio_usb
 .data._usbd_qdef
                0x20001188       0x1c CMakeFiles/pawn_rp2040.dir/home/jules/pico-sdk/lib/tinyusb/src/device/usbd.c.o
                0x20001188                _usbd_qdef
 .data._usbd_rhport
                0x200011a4        0x1 CMakeFiles/pawn_rp2040.dir/home/jules/pico-sdk/lib/tinyusb/src/device/usbd.c.o
 *fill*         0x200011a5        0x3
 .data          0x200011a8      0x128 /usr/lib/gcc/arm-none-eabi/13.2.1/../../../arm-none-eabi/lib/thumb/v6-m/nofp/libg.a(libc_a-impure.o)
                0x200011a8                _impure_ptr
                0x200011b0                _impure_data
 .data          0x200012d0      0x410 /usr/lib/gcc/arm-none-eabi/13.2.1/../../../arm-none-eabi/lib/thumb/v6-m/nofp/libg.a(libc_a-mallocr.o)
                0x200012d0                __malloc_sbrk_base
                0x200012d4                __malloc_trim_threshold
                0x200012d8                __malloc_av_
 .data          0x200016e0        0xc /usr/lib/gcc/arm-none-eabi/13.2.1/../../../arm-none-eabi/lib/thumb/v6-m/nofp/libg.a(libc_a-findfp.o)
                0x200016e0                __sglue
                0x200016ec                        . = ALIGN (0x4)
 *(.after_data.*)
                0x200016ec                        . = ALIGN (0x4)
                0x200016ec                        PROVIDE (__mutex_array_start = .)
 *(SORT_BY_NAME(.mutex_array.*))
 *(.mutex_array)
 .mutex_array   0x200016ec        0x8 CMakeFiles/pawn_rp2040.dir/home/jules/pico-sdk/src/rp2_common/pico_stdio/stdio.c.o
                0x200016f4                        PROVIDE (__mutex_array_end = .)
                0x200016f4                        . = ALIGN (0x4)
 *(.jcr)
                0x200016f4                        . = ALIGN (0x4)

.tm_clone_table
                0x200016f4        0x0 load address 0x1000cf68
 .tm_clone_table
                0x200016f4        0x0 /usr/lib/gcc/arm-none-eabi/13.2.1/thumb/v6-m/nofp/crtbegin.o
 .tm_clone_table
                0x200016f4        0x0 /usr/lib/gcc/arm-none-eabi/13.2.1/thumb/v6-m/nofp/crtend.o

.igot.plt       0x200016f4        0x0 load address 0x1000cf68
 .igot.plt      0x200016f4        0x0 /usr/lib/gcc/arm-none-eabi/13.2.1/thumb/v6-m/nofp/crtbegin.o

.tdata          0x200016f4        0x0 load address 0x1000cf68
                0x200016f4                        . = ALIGN (0x4)
 *(.tdata .tdata.* .gnu.linkonce.td.*)
                0x200016f4                        __tdata_end = .
                0x200016f4                        PROVIDE (__data_end__ = .)
                0x1000b934                        __etext = LOADADDR (.data)

.tbss           0x200016f4        0x0 load address 0x1000cf68
                0x200016f4                        . = ALIGN (0x4)
                0x200016f4                        __bss_start__ = .
                0x200016f4                        __tls_base = .
 *(.tbss .tbss.* .gnu.linkonce.tb.*)
 *(.tcommon)
                0x200016f4                        __tls_end = .

.bss            0x200016f8     0x120c load address 0x1000cf68
                0x200016f8                        . = ALIGN (0x4)
                0x200016f8                        __tbss_end = .
 *(SORT_BY_ALIGNMENT(SORT_BY_NAME(.bss*)))
 .bss.default_alarm_pool_entries
                0x200016f8      0x180 CMakeFiles/pawn_rp2040.dir/home/jules/pico-sdk/src/common/pico_time/time.c.o
 .bss.last_avail_time.1
                0x20001878        0x8 CMakeFiles/pawn_rp2040.dir/home/jules/pico-sdk/src/rp2_common/pico_stdio_usb/stdio_usb.c.o
 .bss.sd_table  0x20001880      0x100 CMakeFiles/pawn_rp2040.dir/home/jules/pico-sdk/src/rp2_common/pico_double/double_init_rom_rp2040.c.o
                0x20001880                sd_table
 .bss           0x20001980       0x1c /usr/lib/gcc/arm-none-eabi/13.2.1/thumb/v6-m/nofp/crtbegin.o
 .bss           0x2000199c       0x34 /usr/lib/gcc/arm-none-eabi/13.2.1/../../../arm-none-eabi/lib/thumb/v6-m/nofp/libg.a(libc_a-mallocr.o)
                0x2000199c                __malloc_top_pad
                0x200019a0                __malloc_current_mallinfo
                0x200019c8                __malloc_max_sbrked_mem
                0x200019cc                __malloc_max_total_mem
 .bss           0x200019d0      0x13c /usr/lib/gcc/arm-none-eabi/13.2.1/../../../arm-none-eabi/lib/thumb/v6-m/nofp/libg.a(libc_a-findfp.o)
                0x200019d0                __stdio_exit_handler
                0x200019d4                __sf
 .bss           0x20001b0c        0x4 /usr/lib/gcc/arm-none-eabi/13.2.1/../../../arm-none-eabi/lib/thumb/v6-m/nofp/libg.a(libc_a-reent.o)
                0x20001b0c                errno
 .bss           0x20001b10      0x190 /usr/lib/gcc/arm-none-eabi/13.2.1/../../../arm-none-eabi/lib/thumb/v6-m/nofp/libg.a(libc_a-__atexit.o)
                0x20001b10                __atexit0
 .bss           0x20001ca0        0x4 /usr/lib/gcc/arm-none-eabi/13.2.1/../../../arm-none-eabi/lib/thumb/v6-m/nofp/libg.a(libc_a-__call_atexit.o)
                0x20001ca0                __atexit
 .bss._app_driver
                0x20001ca4        0x4 CMakeFiles/pawn_rp2040.dir/home/jules/pico-sdk/lib/tinyusb/src/device/usbd.c.o
 .bss._cdcd_epbuf
                0x20001ca8       0x80 CMakeFiles/pawn_rp2040.dir/home/jules/pico-sdk/lib/tinyusb/src/class/cdc/cdc_device.c.o
 .bss._cdcd_fifo_cfg
                0x20001d28        0x1 CMakeFiles/pawn_rp2040.dir/home/jules/pico-sdk/lib/tinyusb/src/class/cdc/cdc_device.c.o
 *fill*         0x20001d29        0x3
 .bss._cdcd_itf
                0x20001d2c       0xc8 CMakeFiles/pawn_rp2040.dir/home/jules/pico-sdk/lib/tinyusb/src/class/cdc/cdc_device.c.o
 .bss._ctrl_epbuf
                0x20001df4       0x40 CMakeFiles/pawn_rp2040.dir/home/jules/pico-sdk/lib/tinyusb/src/device/usbd_control.c.o
 .bss._ctrl_xfer
                0x20001e34       0x14 CMakeFiles/pawn_rp2040.dir/home/jules/pico-sdk/lib/tinyusb/src/device/usbd_control.c.o
 .bss._tusb_rhport_role
                0x20001e48        0x2 CMakeFiles/pawn_rp2040.dir/home/jules/pico-sdk/lib/tinyusb/src/tusb.c.o
                0x20001e48                _tusb_rhport_role
 *fill*         0x20001e4a        0x2
 .bss._ubsd_mutexdef
                0x20001e4c        0x8 CMakeFiles/pawn_rp2040.dir/home/jules/pico-sdk/lib/tinyusb/src/device/usbd.c.o
 .bss._usbd_dev
                0x20001e54       0x54 CMakeFiles/pawn_rp2040.dir/home/jules/pico-sdk/lib/tinyusb/src/device/usbd.c.o
 .bss._usbd_mutex
                0x20001ea8        0x4 CMakeFiles/pawn_rp2040.dir/home/jules/pico-sdk/lib/tinyusb/src/device/usbd.c.o
 .bss._usbd_q   0x20001eac        0x4 CMakeFiles/pawn_rp2040.dir/home/jules/pico-sdk/lib/tinyusb/src/device/usbd.c.o
 .bss._usbd_qdef_buf
                0x20001eb0       0xc0 CMakeFiles/pawn_rp2040.dir/home/jules/pico-sdk/lib/tinyusb/src/device/usbd.c.o
                0x20001eb0                _usbd_qdef_buf
 .bss._vendord_epbuf
                0x20001f70       0x80 CMakeFiles/pawn_rp2040.dir/home/jules/pico-sdk/lib/tinyusb/src/class/vendor/vendor_device.c.o
 .bss._vendord_itf
                0x20001ff0      0x24c CMakeFiles/pawn_rp2040.dir/home/jules/pico-sdk/lib/tinyusb/src/class/vendor/vendor_device.c.o
 .bss.boot2_copyout
                0x2000223c      0x100 CMakeFiles/pawn_rp2040.dir/home/jules/pico-sdk/src/rp2_common/hardware_flash/flash.c.o
 .bss.chars_available_callback
                0x2000233c        0x4 CMakeFiles/pawn_rp2040.dir/home/jules/pico-sdk/src/rp2_common/pico_stdio_usb/stdio_usb.c.o
 .bss.chars_available_param
                0x20002340        0x4 CMakeFiles/pawn_rp2040.dir/home/jules/pico-sdk/src/rp2_common/pico_stdio_usb/stdio_usb.c.o
 .bss.claimed   0x20002344        0x4 CMakeFiles/pawn_rp2040.dir/home/jules/pico-sdk/src/rp2_common/hardware_sync/sync.c.o
 .bss.claimed   0x20002348        0x1 CMakeFiles/pawn_rp2040.dir/home/jules/pico-sdk/src/rp2_common/hardware_timer/timer.c.o
 *fill*         0x20002349        0x3
 .bss.configured_freq
                0x2000234c       0x28 CMakeFiles/pawn_rp2040.dir/home/jules/pico-sdk/src/rp2_common/hardware_clocks/clocks.c.o
 .bss.desc_str.0
                0x20002374       0x28 CMakeFiles/pawn_rp2040.dir/home/jules/pico-sdk/src/rp2_common/pico_stdio_usb/stdio_usb_descriptors.c.o
 .bss.drivers   0x2000239c        0x4 CMakeFiles/pawn_rp2040.dir/home/jules/pico-sdk/src/rp2_common/pico_stdio/stdio.c.o
 .bss.e15_last_sof
                0x200023a0        0x4 CMakeFiles/pawn_rp2040.dir/home/jules/pico-sdk/lib/tinyusb/src/portable/raspberrypi/rp2040/rp2040_usb.c.o
                0x200023a0                e15_last_sof
 .bss.filter    0x200023a4        0x4 CMakeFiles/pawn_rp2040.dir/home/jules/pico-sdk/src/rp2_common/pico_stdio/stdio.c.o
 .bss.heap_end.0
                0x200023a8        0x4 CMakeFiles/pawn_rp2040.dir/home/jules/pico-sdk/src/rp2_common/pico_clib_interface/newlib_interface.c.o
 .bss.hw_endpoints
                0x200023ac      0x400 CMakeFiles/pawn_rp2040.dir/home/jules/pico-sdk/lib/tinyusb/src/portable/raspberrypi/rp2040/dcd_rp2040.c.o
 .bss.lazy_vsnprintf
                0x200027ac        0x4 CMakeFiles/pawn_rp2040.dir/home/jules/pico-sdk/src/rp2_common/pico_printf/printf.c.o
 .bss.load_value
                0x200027b0        0x4 CMakeFiles/pawn_rp2040.dir/home/jules/pico-sdk/src/rp2_common/hardware_watchdog/watchdog.c.o
 .bss.next_buffer_ptr
                0x200027b4        0x4 CMakeFiles/pawn_rp2040.dir/home/jules/pico-sdk/lib/tinyusb/src/portable/raspberrypi/rp2040/dcd_rp2040.c.o
 .bss.one_shot_timer_crit_sec
                0x200027b8        0x8 CMakeFiles/pawn_rp2040.dir/home/jules/pico-sdk/src/rp2_common/pico_stdio_usb/stdio_usb.c.o
 .bss.pools     0x200027c0       0x10 CMakeFiles/pawn_rp2040.dir/home/jules/pico-sdk/src/common/pico_time/time.c.o
 .bss.retrieved_id
                0x200027d0        0x8 CMakeFiles/pawn_rp2040.dir/home/jules/pico-sdk/src/rp2_common/pico_unique_id/unique_id.c.o
 .bss.sf_clz_func
                0x200027d8        0x4 CMakeFiles/pawn_rp2040.dir/home/jules/pico-sdk/src/rp2_common/pico_double/double_init_rom_rp2040.c.o
                0x200027d8                sf_clz_func
 .bss.sf_table  0x200027dc      0x100 CMakeFiles/pawn_rp2040.dir/home/jules/pico-sdk/src/rp2_common/pico_float/float_init_rom_rp2040.c.o
                0x200027dc                sf_table
 .bss.sleep_notifier
                0x200028dc        0x4 CMakeFiles/pawn_rp2040.dir/home/jules/pico-sdk/src/common/pico_time/time.c.o
 .bss.stdio_usb_mutex
                0x200028e0        0x8 CMakeFiles/pawn_rp2040.dir/home/jules/pico-sdk/src/rp2_common/pico_stdio_usb/stdio_usb.c.o
 .bss.usbd_serial_str
                0x200028e8       0x11 CMakeFiles/pawn_rp2040.dir/home/jules/pico-sdk/src/rp2_common/pico_stdio_usb/stdio_usb_descriptors.c.o
 .bss._app_driver_count
                0x200028f9        0x1 CMakeFiles/pawn_rp2040.dir/home/jules/pico-sdk/lib/tinyusb/src/device/usbd.c.o
 .bss._sof_enable
                0x200028fa        0x1 CMakeFiles/pawn_rp2040.dir/home/jules/pico-sdk/lib/tinyusb/src/portable/raspberrypi/rp2040/dcd_rp2040.c.o
 .bss._usbd_queued_setup
                0x200028fb        0x1 CMakeFiles/pawn_rp2040.dir/home/jules/pico-sdk/lib/tinyusb/src/device/usbd.c.o
 .bss.boot2_copyout_valid
                0x200028fc        0x1 CMakeFiles/pawn_rp2040.dir/home/jules/pico-sdk/src/rp2_common/hardware_flash/flash.c.o
 .bss.irq_handler_chain_free_slot_head
                0x200028fd        0x1 CMakeFiles/pawn_rp2040.dir/home/jules/pico-sdk/src/rp2_common/hardware_irq/irq.c.o
 .bss.itf_num   0x200028fe        0x1 CMakeFiles/pawn_rp2040.dir/home/jules/pico-sdk/src/rp2_common/pico_stdio_usb/reset_interface.c.o
 .bss.low_priority_irq_num
                0x200028ff        0x1 CMakeFiles/pawn_rp2040.dir/home/jules/pico-sdk/src/rp2_common/pico_stdio_usb/stdio_usb.c.o
 .bss.one_shot_timer_pending
                0x20002900        0x1 CMakeFiles/pawn_rp2040.dir/home/jules/pico-sdk/src/rp2_common/pico_stdio_usb/stdio_usb.c.o
 .bss.user_irq_claimed
                0x20002901        0x1 CMakeFiles/pawn_rp2040.dir/home/jules/pico-sdk/src/rp2_common/hardware_irq/irq.c.o
 *(COMMON)
                0x20002904                        . = ALIGN (0x4)
 *fill*         0x20002902        0x2
                0x20002904                        __bss_end__ = .

.heap           0x20002904      0x800 load address 0x1000cf68
                0x20002904                        __end__ = .
                0x20002904                        end = __end__
 *(.heap*)
 .heap          0x20002904      0x800 CMakeFiles/pawn_rp2040.dir/home/jules/pico-sdk/src/rp2_common/pico_crt0/crt0.S.o
                0x20040000                        __HeapLimit = (ORIGIN (RAM) + LENGTH (RAM))

.scratch_x      0x20040000        0x0 load address 0x1000cf68
                0x20040000                        __scratch_x_start__ = .
 *(.scratch_x.*)
                0x20040000                        . = ALIGN (0x4)
                0x20040000                        __scratch_x_end__ = .
                0x1000cf68                        __scratch_x_source__ = LOADADDR (.scratch_x)

.scratch_y      0x20041000        0x0 load address 0x1000cf68
                0x20041000                        __scratch_y_start__ = .
 *(.scratch_y.*)
                0x20041000                        . = ALIGN (0x4)
                0x20041000                        __scratch_y_end__ = .
                0x1000cf68                        __scratch_y_source__ = LOADADDR (.scratch_y)

.stack1_dummy
 *(.stack1*)

.stack_dummy    0x20041000      0x800
 *(.stack*)
 .stack         0x20041000      0x800 CMakeFiles/pawn_rp2040.dir/home/jules/pico-sdk/src/rp2_common/pico_crt0/crt0.S.o

.rel.dyn        0x20041800        0x0
 .rel.iplt      0x20041800        0x0 /usr/lib/gcc/arm-none-eabi/13.2.1/thumb/v6-m/nofp/crtbegin.o

.flash_end      0x1000cf68        0x0
 *(.embedded_end_block*)
                0x1000cf68                        PROVIDE (__flash_binary_end = .)
                0x20040000                        __StackLimit = (ORIGIN (RAM) + LENGTH (RAM))
                0x20041000                        __StackOneTop = (ORIGIN (SCRATCH_X) + LENGTH (SCRATCH_X))
                0x20042000                        __StackTop = (ORIGIN (SCRATCH_Y) + LENGTH (SCRATCH_Y))
                0x20041000                        __StackOneBottom = (__StackOneTop - SIZEOF (.stack1_dummy))
                0x20041800                        __StackBottom = (__StackTop - SIZEOF (.stack_dummy))
                0x20042000                        PROVIDE (__stack = __StackTop)
                [!provide]                        PROVIDE (__heap_start = __end__)
                [!provide]                        PROVIDE (__heap_end = __HeapLimit)
                [!provide]                        PROVIDE (__tls_align = MAX (ALIGNOF (.tdata), ALIGNOF (.tbss)))
                [!provide]                        PROVIDE (__tls_size_align = (((__tls_size + __tls_align) - 0x1) & ~ ((__tls_align - 0x1))))
                [!provide]                        PROVIDE (__arm32_tls_tcb_offset = MAX (0x8, __tls_align))
                [!provide]                        PROVIDE (_end = __end__)